Component: ARM Compiler 5.06 update 7 (build 960) Tool: armlink [4d3601]

==============================================================================

Section Cross References

    startup_stm32f407xx.o(RESET) refers to startup_stm32f407xx.o(STACK) for __initial_sp
    startup_stm32f407xx.o(RESET) refers to startup_stm32f407xx.o(.text) for Reset_Handler
    startup_stm32f407xx.o(RESET) refers to stm32f4xx_it.o(i.NMI_Handler) for NMI_Handler
    startup_stm32f407xx.o(RESET) refers to stm32f4xx_it.o(i.HardFault_Handler) for HardFault_Handler
    startup_stm32f407xx.o(RESET) refers to stm32f4xx_it.o(i.MemManage_Handler) for MemManage_Handler
    startup_stm32f407xx.o(RESET) refers to stm32f4xx_it.o(i.BusFault_Handler) for BusFault_Handler
    startup_stm32f407xx.o(RESET) refers to stm32f4xx_it.o(i.UsageFault_Handler) for UsageFault_Handler
    startup_stm32f407xx.o(RESET) refers to port.o(.emb_text) for SVC_Handler
    startup_stm32f407xx.o(RESET) refers to stm32f4xx_it.o(i.DebugMon_Handler) for DebugMon_Handler
    startup_stm32f407xx.o(RESET) refers to port.o(i.SysTick_Handler) for SysTick_Handler
    startup_stm32f407xx.o(RESET) refers to stm32f4xx_it.o(i.DMA1_Stream2_IRQHandler) for DMA1_Stream2_IRQHandler
    startup_stm32f407xx.o(RESET) refers to stm32f4xx_it.o(i.CAN1_TX_IRQHandler) for CAN1_TX_IRQHandler
    startup_stm32f407xx.o(RESET) refers to stm32f4xx_it.o(i.CAN1_RX0_IRQHandler) for CAN1_RX0_IRQHandler
    startup_stm32f407xx.o(RESET) refers to stm32f4xx_it.o(i.TIM2_IRQHandler) for TIM2_IRQHandler
    startup_stm32f407xx.o(RESET) refers to stm32f4xx_it.o(i.UART4_IRQHandler) for UART4_IRQHandler
    startup_stm32f407xx.o(RESET) refers to stm32f4xx_it.o(i.CAN2_TX_IRQHandler) for CAN2_TX_IRQHandler
    startup_stm32f407xx.o(RESET) refers to stm32f4xx_it.o(i.CAN2_RX1_IRQHandler) for CAN2_RX1_IRQHandler
    startup_stm32f407xx.o(RESET) refers to stm32f4xx_it.o(i.OTG_FS_IRQHandler) for OTG_FS_IRQHandler
    startup_stm32f407xx.o(.text) refers to system_stm32f4xx.o(i.SystemInit) for SystemInit
    startup_stm32f407xx.o(.text) refers to entry.o(.ARM.Collect$$$$00000000) for __main
    candrive.o(i.CAN_Receive_DataFrame) refers to memseta.o(.text) for __aeabi_memclr4
    candrive.o(i.CAN_Receive_DataFrame) refers to stm32f4xx_hal_can.o(i.HAL_CAN_GetRxMessage) for HAL_CAN_GetRxMessage
    candrive.o(i.CAN_Send_StdDataFrame) refers to memcpya.o(.text) for __aeabi_memcpy4
    candrive.o(i.CAN_Send_StdDataFrame) refers to stm32f4xx_hal_can.o(i.HAL_CAN_AddTxMessage) for HAL_CAN_AddTxMessage
    candrive.o(i.CAN_Send_StdDataFrame) refers to candrive.o(.constdata) for .constdata
    candrive.o(i.CanFilter_Init) refers to stm32f4xx_hal_can.o(i.HAL_CAN_ConfigFilter) for HAL_CAN_ConfigFilter
    crc.o(i.Get_CRC16_Check_Sum) refers to crc.o(.constdata) for wCRC_Table
    crc.o(i.Get_CRC8_Check_Sum) refers to crc.o(.constdata) for CRC8_TAB
    crc.o(i.Verify_CRC16_Check_Sum) refers to crc.o(i.Get_CRC16_Check_Sum) for Get_CRC16_Check_Sum
    crc.o(i.Verify_CRC8_Check_Sum) refers to crc.o(i.Get_CRC8_Check_Sum) for Get_CRC8_Check_Sum
    iirfilter.o(i.IIRFilterDelete) refers to malloc.o(i.free) for free
    iirfilter.o(i.IIRFilterInit) refers to malloc.o(i.malloc) for malloc
    motor.o(i.MotorSend) refers to candrive.o(i.CAN_Send_StdDataFrame) for CAN_Send_StdDataFrame
    printfdmabuffer.o(i.PrintBufferDeInit) refers to malloc.o(i.free) for free
    printfdmabuffer.o(i.PrintBufferFlush) refers to stm32f4xx_hal_uart.o(i.HAL_UART_Transmit_DMA) for HAL_UART_Transmit_DMA
    printfdmabuffer.o(i.PrintBufferFlush) refers to usbd_cdc_if.o(i.CDC_Transmit_FS) for CDC_Transmit_FS
    printfdmabuffer.o(i.PrintBufferFlush) refers to usb_device.o(.bss) for hUsbDeviceFS
    printfdmabuffer.o(i.PrintBufferFlush) refers to printfdmabuffer.o(.data) for USBTransmit_Lock
    printfdmabuffer.o(i.PrintBufferInit) refers to malloc.o(i.malloc) for malloc
    printfdmabuffer.o(i.PrintBufferInit_VCOM) refers to malloc.o(i.malloc) for malloc
    printfdmabuffer.o(i.PrintBuffer_USBTransmitCplt) refers to printfdmabuffer.o(.data) for USBTransmit_Lock
    printfdmabuffer.o(i.fputc) refers to stm32f4xx_hal_uart.o(i.HAL_UART_Transmit) for HAL_UART_Transmit
    printfdmabuffer.o(i.fputc) refers to printfdmabuffer.o(i.PushBuffer) for PushBuffer
    printfdmabuffer.o(i.fputc) refers to printfdmabuffer.o(i.PrintBufferFlush) for PrintBufferFlush
    printfdmabuffer.o(i.fputc) refers to printfdmabuffer.o(.data) for USBTransmit_Lock
    ramp.o(i.Get_TimerTick) refers to stm32f4xx_hal.o(i.HAL_GetTick) for HAL_GetTick
    ramp.o(i.Slope) refers to ramp.o(i.Get_TimerTick) for Get_TimerTick
    remote.o(i.RemoteClear) refers to remote.o(.data) for RC_CtrlData
    remote.o(i.Remote_Rx) refers to remote.o(i.RemoteControlProcess) for RemoteControlProcess
    remote.o(i.Remote_Rx) refers to remote.o(i.MouseKeyControlProcess) for MouseKeyControlProcess
    remote.o(i.Remote_Rx) refers to remote.o(i.STOPControlProcess) for STOPControlProcess
[...]
    __main_after_scatterload                 0x08000191   Thumb Code     0  entry5.o(.ARM.Collect$$$$00000004)
    _main_clock                              0x08000191   Thumb Code     0  entry7b.o(.ARM.Collect$$$$00000008)
    _main_cpp_init                           0x08000191   Thumb Code     0  entry8b.o(.ARM.Collect$$$$0000000A)
    _main_init                               0x08000191   Thumb Code     0  entry9a.o(.ARM.Collect$$$$0000000B)
    __rt_lib_shutdown_fini                   0x08000199   Thumb Code     0  entry12b.o(.ARM.Collect$$$$0000000E)
    __rt_final_cpp                           0x0800019d   Thumb Code     0  entry10a.o(.ARM.Collect$$$$0000000F)
    __rt_final_exit                          0x0800019d   Thumb Code     0  entry11a.o(.ARM.Collect$$$$00000011)
    SVC_Handler                              0x080001a1   Thumb Code    28  port.o(.emb_text)
    __asm___6_port_c_39a90d8d__prvStartFirstTask 0x080001c1   Thumb Code    36  port.o(.emb_text)
    __asm___6_port_c_39a90d8d__prvEnableVFP  0x080001e9   Thumb Code    16  port.o(.emb_text)
    PendSV_Handler                           0x080001fd   Thumb Code    88  port.o(.emb_text)
    vPortGetIPSR                             0x08000259   Thumb Code     6  port.o(.emb_text)
    Reset_Handler                            0x08000261   Thumb Code     8  startup_stm32f407xx.o(.text)
    ADC_IRQHandler                           0x0800027b   Thumb Code     0  startup_stm32f407xx.o(.text)
    CAN1_RX1_IRQHandler                      0x0800027b   Thumb Code     0  startup_stm32f407xx.o(.text)
    CAN1_SCE_IRQHandler                      0x0800027b   Thumb Code     0  startup_stm32f407xx.o(.text)
    CAN2_RX0_IRQHandler                      0x0800027b   Thumb Code     0  startup_stm32f407xx.o(.text)
    CAN2_SCE_IRQHandler                      0x0800027b   Thumb Code     0  startup_stm32f407xx.o(.text)
    DCMI_IRQHandler                          0x0800027b   Thumb Code     0  startup_stm32f407xx.o(.text)
    DMA1_Stream0_IRQHandler                  0x0800027b   Thumb Code     0  startup_stm32f407xx.o(.text)
    DMA1_Stream1_IRQHandler                  0x0800027b   Thumb Code     0  startup_stm32f407xx.o(.text)
    DMA1_Stream3_IRQHandler                  0x0800027b   Thumb Code     0  startup_stm32f407xx.o(.text)
    DMA1_Stream4_IRQHandler                  0x0800027b   Thumb Code     0  startup_stm32f407xx.o(.text)
    DMA1_Stream5_IRQHandler                  0x0800027b   Thumb Code     0  startup_stm32f407xx.o(.text)
    DMA1_Stream6_IRQHandler                  0x0800027b   Thumb Code     0  startup_stm32f407xx.o(.text)
    DMA1_Stream7_IRQHandler                  0x0800027b   Thumb Code     0  startup_stm32f407xx.o(.text)
    DMA2_Stream0_IRQHandler                  0x0800027b   Thumb Code     0  startup_stm32f407xx.o(.text)
    DMA2_Stream1_IRQHandler                  0x0800027b   Thumb Code     0  startup_stm32f407xx.o(.text)
    DMA2_Stream2_IRQHandler                  0x0800027b   Thumb Code     0  startup_stm32f407xx.o(.text)
    DMA2_Stream3_IRQHandler                  0x0800027b   Thumb Code     0  startup_stm32f407xx.o(.text)
    DMA2_Stream4_IRQHandler                  0x0800027b   Thumb Code     0  startup_stm32f407xx.o(.text)
    DMA2_Stream5_IRQHandler                  0x0800027b   Thumb Code     0  startup_stm32f407xx.o(.text)
    DMA2_Stream6_IRQHandler                  0x0800027b   Thumb Code     0  startup_stm32f407xx.o(.text)
    DMA2_Stream7_IRQHandler                  0x0800027b   Thumb Code     0  startup_stm32f407xx.o(.text)
    ETH_IRQHandler                           0x0800027b   Thumb Code     0  startup_stm32f407xx.o(.text)
    ETH_WKUP_IRQHandler                      0x0800027b   Thumb Code     0  startup_stm32f407xx.o(.text)
    EXTI0_IRQHandler                         0x0800027b   Thumb Code     0  startup_stm32f407xx.o(.text)
    EXTI15_10_IRQHandler                     0x0800027b   Thumb Code     0  startup_stm32f407xx.o(.text)
    EXTI1_IRQHandler                         0x0800027b   Thumb Code     0  startup_stm32f407xx.o(.text)
    EXTI2_IRQHandler                         0x0800027b   Thumb Code     0  startup_stm32f407xx.o(.text)
    EXTI3_IRQHandler                         0x0800027b   Thumb Code     0  startup_stm32f407xx.o(.text)
    EXTI4_IRQHandler                         0x0800027b   Thumb Code     0  startup_stm32f407xx.o(.text)
    EXTI9_5_IRQHandler                       0x0800027b   Thumb Code     0  startup_stm32f407xx.o(.text)
    FLASH_IRQHandler                         0x0800027b   Thumb Code     0  startup_stm32f407xx.o(.text)
    FMC_IRQHandler                           0x0800027b   Thumb Code     0  startup_stm32f407xx.o(.text)
    FPU_IRQHandler                           0x0800027b   Thumb Code     0  startup_stm32f407xx.o(.text)
    HASH_RNG_IRQHandler                      0x0800027b   Thumb Code     0  startup_stm32f407xx.o(.text)
    I2C1_ER_IRQHandler                       0x0800027b   Thumb Code     0  startup_stm32f407xx.o(.text)
    I2C1_EV_IRQHandler                       0x0800027b   Thumb Code     0  startup_stm32f407xx.o(.text)
    I2C2_ER_IRQHandler                       0x0800027b   Thumb Code     0  startup_stm32f407xx.o(.text)
    I2C2_EV_IRQHandler                       0x0800027b   Thumb Code     0  startup_stm32f407xx.o(.text)
    I2C3_ER_IRQHandler                       0x0800027b   Thumb Code     0  startup_stm32f407xx.o(.text)
    I2C3_EV_IRQHandler                       0x0800027b   Thumb Code     0  startup_stm32f407xx.o(.text)
    OTG_FS_WKUP_IRQHandler                   0x0800027b   Thumb Code     0  startup_stm32f407xx.o(.text)
    OTG_HS_EP1_IN_IRQHandler                 0x0800027b   Thumb Code     0  startup_stm32f407xx.o(.text)
    OTG_HS_EP1_OUT_IRQHandler                0x0800027b   Thumb Code     0  startup_stm32f407xx.o(.text)
    OTG_HS_IRQHandler                        0x0800027b   Thumb Code     0  startup_stm32f407xx.o(.text)
    OTG_HS_WKUP_IRQHandler                   0x0800027b   Thumb Code     0  startup_stm32f407xx.o(.text)
    PVD_IRQHandler                           0x0800027b   Thumb Code     0  startup_stm32f407xx.o(.text)
    RCC_IRQHandler                           0x0800027b   Thumb Code     0  startup_stm32f407xx.o(.text)
    RTC_Alarm_IRQHandler                     0x0800027b   Thumb Code     0  startup_stm32f407xx.o(.text)
    RTC_WKUP_IRQHandler                      0x0800027b   Thumb Code     0  startup_stm32f407xx.o(.text)
    SDIO_IRQHandler                          0x0800027b   Thumb Code     0  startup_stm32f407xx.o(.text)
    SPI1_IRQHandler                          0x0800027b   Thumb Code     0  startup_stm32f407xx.o(.text)
    SPI2_IRQHandler                          0x0800027b   Thumb Code     0  startup_stm32f407xx.o(.text)
    SPI3_IRQHandler                          0x0800027b   Thumb Code     0  startup_stm32f407xx.o(.text)
    TAMP_STAMP_IRQHandler                    0x0800027b   Thumb Code     0  startup_stm32f407xx.o(.text)
    TIM1_BRK_TIM9_IRQHandler                 0x0800027b   Thumb Code     0  startup_stm32f407xx.o(.text)
    TIM1_CC_IRQHandler                       0x0800027b   Thumb Code     0  startup_stm32f407xx.o(.text)
    TIM1_TRG_COM_TIM11_IRQHandler            0x0800027b   Thumb Code     0  startup_stm32f407xx.o(.text)
    TIM1_UP_TIM10_IRQHandler                 0x0800027b   Thumb Code     0  startup_stm32f407xx.o(.text)
    TIM3_IRQHandler                          0x0800027b   Thumb Code     0  startup_stm32f407xx.o(.text)
    TIM4_IRQHandler                          0x0800027b   Thumb Code     0  startup_stm32f407xx.o(.text)
    TIM5_IRQHandler                          0x0800027b   Thumb Code     0  startup_stm32f407xx.o(.text)
    TIM6_DAC_IRQHandler                      0x0800027b   Thumb Code     0  startup_stm32f407xx.o(.text)
    TIM7_IRQHandler                          0x0800027b   Thumb Code     0  startup_stm32f407xx.o(.text)
    TIM8_BRK_TIM12_IRQHandler                0x0800027b   Thumb Code     0  startup_stm32f407xx.o(.text)
    TIM8_CC_IRQHandler                       0x0800027b   Thumb Code     0  startup_stm32f407xx.o(.text)
    TIM8_TRG_COM_TIM14_IRQHandler            0x0800027b   Thumb Code     0  startup_stm32f407xx.o(.text)
    TIM8_UP_TIM13_IRQHandler                 0x0800027b   Thumb Code     0  startup_stm32f407xx.o(.text)
    UART5_IRQHandler                         0x0800027b   Thumb Code     0  startup_stm32f407xx.o(.text)
    USART1_IRQHandler                        0x0800027b   Thumb Code     0  startup_stm32f407xx.o(.text)
    USART2_IRQHandler                        0x0800027b   Thumb Code     0  startup_stm32f407xx.o(.text)
    USART3_IRQHandler                        0x0800027b   Thumb Code     0  startup_stm32f407xx.o(.text)
    USART6_IRQHandler                        0x0800027b   Thumb Code     0  startup_stm32f407xx.o(.text)
    WWDG_IRQHandler                          0x0800027b   Thumb Code     0  startup_stm32f407xx.o(.text)
    __aeabi_uldivmod                         0x08000285   Thumb Code    98  uldiv.o(.text)
    __aeabi_memcpy                           0x080002e7   Thumb Code    36  memcpya.o(.text)
    __aeabi_memcpy4                          0x080002e7   Thumb Code     0  memcpya.o(.text)
    __aeabi_memcpy8                          0x080002e7   Thumb Code     0  memcpya.o(.text)
    __aeabi_memset                           0x0800030b   Thumb Code    14  memseta.o(.text)
    __aeabi_memset4                          0x0800030b   Thumb Code     0  memseta.o(.text)
    __aeabi_memset8                          0x0800030b   Thumb Code     0  memseta.o(.text)
    __aeabi_memclr                           0x08000319   Thumb Code     4  memseta.o(.text)
    __aeabi_memclr4                          0x08000319   Thumb Code     0  memseta.o(.text)
    __aeabi_memclr8                          0x08000319   Thumb Code     0  memseta.o(.text)
    memset                                   0x0800031d   Thumb Code    18  memseta.o(.text)
    __aeabi_dadd                             0x0800032f   Thumb Code   322  dadd.o(.text)
    __aeabi_dsub                             0x08000471   Thumb Code     6  dadd.o(.text)
    __aeabi_drsub                            0x08000477   Thumb Code     6  dadd.o(.text)
    __aeabi_dmul                             0x0800047d   Thumb Code   228  dmul.o(.text)
    __aeabi_i2d                              0x08000561   Thumb Code    34  dflti.o(.text)
    __aeabi_d2iz                             0x08000583   Thumb Code    62  dfixi.o(.text)
    __aeabi_llsl                             0x080005c1   Thumb Code    30  llshl.o(.text)
    _ll_shift_l                              0x080005c1   Thumb Code     0  llshl.o(.text)
    __aeabi_llsr                             0x080005df   Thumb Code    32  llushr.o(.text)
    _ll_ushift_r                             0x080005df   Thumb Code     0  llushr.o(.text)
    __aeabi_lasr                             0x080005ff   Thumb Code    36  llsshr.o(.text)
    _ll_sshift_r                             0x080005ff   Thumb Code     0  llsshr.o(.text)
    __I$use$fp                               0x08000623   Thumb Code     0  iusefp.o(.text)
    _double_round                            0x08000623   Thumb Code    30  depilogue.o(.text)
    _double_epilogue                         0x08000641   Thumb Code   156  depilogue.o(.text)
    __scatterload                            0x080006dd   Thumb Code    28  init.o(.text)
    __scatterload_rt2                        0x080006dd   Thumb Code     0  init.o(.text)
    __decompress                             0x08000701   Thumb Code     0  __dczerorl2.o(.text)
    __decompress1                            0x08000701   Thumb Code    86  __dczerorl2.o(.text)
    BusFault_Handler                         0x08000757   Thumb Code     4  stm32f4xx_it.o(i.BusFault_Handler)
    CAN1_RX0_IRQHandler                      0x0800075d   Thumb Code    10  stm32f4xx_it.o(i.CAN1_RX0_IRQHandler)
    CAN1_TX_IRQHandler                       0x0800076d   Thumb Code    10  stm32f4xx_it.o(i.CAN1_TX_IRQHandler)
    CAN2_RX1_IRQHandler                      0x0800077d   Thumb Code    10  stm32f4xx_it.o(i.CAN2_RX1_IRQHandler)
    CAN2_TX_IRQHandler                       0x0800078d   Thumb Code    10  stm32f4xx_it.o(i.CAN2_TX_IRQHandler)
    CAN_RoboModule_DRV_Mode_Choice           0x0800079d   Thumb Code    38  robomodule_drv.o(i.CAN_RoboModule_DRV_Mode_Choice)
    CAN_RoboModule_DRV_Reset                 0x080007cd   Thumb Code    26  robomodule_drv.o(i.CAN_RoboModule_DRV_Reset)
    CAN_RoboModule_DRV_Velocity_Mode         0x080007f1   Thumb Code   108  robomodule_drv.o(i.CAN_RoboModule_DRV_Velocity_Mode)
    CAN_Send_StdDataFrame                    0x08000869   Thumb Code    46  candrive.o(i.CAN_Send_StdDataFrame)
    CanFilter_Init                           0x080008f5   Thumb Code    74  candrive.o(i.CanFilter_Init)
    DMA1_Stream2_IRQHandler                  0x08000949   Thumb Code    10  stm32f4xx_it.o(i.DMA1_Stream2_IRQHandler)
    DebugMon_Handler                         0x08000a63   Thumb Code     2  stm32f4xx_it.o(i.DebugMon_Handler)
    Dog_Task                                 0x08000a65   Thumb Code    24  mytask.o(i.Dog_Task)
    Error_Handler                            0x08000a7d   Thumb Code     6  main.o(i.Error_Handler)
    FeedDog_CallBack                         0x08000a85   Thumb Code    50  mytask.o(i.FeedDog_CallBack)
    Feed_Dog                                 0x08000acd   Thumb Code    16  watchdog.o(i.Feed_Dog)
    Get_CRC16_Check_Sum                      0x08000add   Thumb Code    46  crc.o(i.Get_CRC16_Check_Sum)
    HAL_CAN_ActivateNotification             0x08000b49   Thumb Code    42  stm32f4xx_hal_can.o(i.HAL_CAN_ActivateNotification)
    HAL_CAN_AddTxMessage                     0x08000b73   Thumb Code   330  stm32f4xx_hal_can.o(i.HAL_CAN_AddTxMessage)
    HAL_CAN_ConfigFilter                     0x08000cbd   Thumb Code   286  stm32f4xx_hal_can.o(i.HAL_CAN_ConfigFilter)
    HAL_CAN_ErrorCallback                    0x08000de1   Thumb Code     2  stm32f4xx_hal_can.o(i.HAL_CAN_ErrorCallback)
    HAL_CAN_IRQHandler                       0x08000de3   Thumb Code   590  stm32f4xx_hal_can.o(i.HAL_CAN_IRQHandler)
    HAL_CAN_Init                             0x08001031   Thumb Code   372  stm32f4xx_hal_can.o(i.HAL_CAN_Init)
    HAL_CAN_MspInit                          0x080011a5   Thumb Code   360  can.o(i.HAL_CAN_MspInit)
    HAL_CAN_RxFifo0FullCallback              0x08001325   Thumb Code     2  stm32f4xx_hal_can.o(i.HAL_CAN_RxFifo0FullCallback)
    HAL_CAN_RxFifo0MsgPendingCallback        0x08001327   Thumb Code     2  stm32f4xx_hal_can.o(i.HAL_CAN_RxFifo0MsgPendingCallback)
    HAL_CAN_RxFifo1FullCallback              0x08001329   Thumb Code     2  stm32f4xx_hal_can.o(i.HAL_CAN_RxFifo1FullCallback)
    HAL_CAN_RxFifo1MsgPendingCallback        0x0800132b   Thumb Code     2  stm32f4xx_hal_can.o(i.HAL_CAN_RxFifo1MsgPendingCallback)
    HAL_CAN_SleepCallback                    0x0800132d   Thumb Code     2  stm32f4xx_hal_can.o(i.HAL_CAN_SleepCallback)
    HAL_CAN_Start                            0x0800132f   Thumb Code    94  stm32f4xx_hal_can.o(i.HAL_CAN_Start)
    HAL_CAN_TxMailbox0AbortCallback          0x0800138d   Thumb Code     2  stm32f4xx_hal_can.o(i.HAL_CAN_TxMailbox0AbortCallback)
    HAL_CAN_TxMailbox0CompleteCallback       0x0800138f   Thumb Code     2  stm32f4xx_hal_can.o(i.HAL_CAN_TxMailbox0CompleteCallback)
    HAL_CAN_TxMailbox1AbortCallback          0x08001391   Thumb Code     2  stm32f4xx_hal_can.o(i.HAL_CAN_TxMailbox1AbortCallback)
    HAL_CAN_TxMailbox1CompleteCallback       0x08001393   Thumb Code     2  stm32f4xx_hal_can.o(i.HAL_CAN_TxMailbox1CompleteCallback)
    HAL_CAN_TxMailbox2AbortCallback          0x08001395   Thumb Code     2  stm32f4xx_hal_can.o(i.HAL_CAN_TxMailbox2AbortCallback)
    HAL_CAN_TxMailbox2CompleteCallback       0x08001397   Thumb Code     2  stm32f4xx_hal_can.o(i.HAL_CAN_TxMailbox2CompleteCallback)
    HAL_CAN_WakeUpFromRxMsgCallback          0x08001399   Thumb Code     2  stm32f4xx_hal_can.o(i.HAL_CAN_WakeUpFromRxMsgCallback)
    HAL_DMA_Abort                            0x0800139b   Thumb Code   172  stm32f4xx_hal_dma.o(i.HAL_DMA_Abort)
    HAL_DMA_Abort_IT                         0x08001447   Thumb Code    40  stm32f4xx_hal_dma.o(i.HAL_DMA_Abort_IT)
    HAL_DMA_IRQHandler                       0x08001471   Thumb Code   570  stm32f4xx_hal_dma.o(i.HAL_DMA_IRQHandler)
    HAL_DMA_Init                             0x080016b1   Thumb Code   232  stm32f4xx_hal_dma.o(i.HAL_DMA_Init)
    HAL_DMA_Start_IT                         0x0800179d   Thumb Code   146  stm32f4xx_hal_dma.o(i.HAL_DMA_Start_IT)
    HAL_Delay                                0x08001831   Thumb Code    36  stm32f4xx_hal.o(i.HAL_Delay)
    HAL_GPIO_Init                            0x08001859   Thumb Code   454  stm32f4xx_hal_gpio.o(i.HAL_GPIO_Init)
    HAL_GPIO_WritePin                        0x08001a4d   Thumb Code    12  stm32f4xx_hal_gpio.o(i.HAL_GPIO_WritePin)
    HAL_GetTick                              0x08001a59   Thumb Code     6  stm32f4xx_hal.o(i.HAL_GetTick)
    HAL_IncTick                              0x08001a65   Thumb Code    16  stm32f4xx_hal.o(i.HAL_IncTick)
    HAL_Init                                 0x08001a7d   Thumb Code    54  stm32f4xx_hal.o(i.HAL_Init)
    HAL_InitTick                             0x08001ab9   Thumb Code   162  stm32f4xx_hal_timebase_tim.o(i.HAL_InitTick)
    HAL_MspInit                              0x08001b6d   Thumb Code    78  stm32f4xx_hal_msp.o(i.HAL_MspInit)
    HAL_NVIC_EnableIRQ                       0x08001bc1   Thumb Code    40  stm32f4xx_hal_cortex.o(i.HAL_NVIC_EnableIRQ)
    HAL_NVIC_SetPriority                     0x08001be9   Thumb Code   124  stm32f4xx_hal_cortex.o(i.HAL_NVIC_SetPriority)
    HAL_NVIC_SetPriorityGrouping             0x08001c65   Thumb Code    32  stm32f4xx_hal_cortex.o(i.HAL_NVIC_SetPriorityGrouping)
    HAL_PCDEx_LPM_Callback                   0x08001c8d   Thumb Code     2  stm32f4xx_hal_pcd_ex.o(i.HAL_PCDEx_LPM_Callback)
    HAL_PCDEx_SetRxFiFo                      0x08001c8f   Thumb Code    10  stm32f4xx_hal_pcd_ex.o(i.HAL_PCDEx_SetRxFiFo)
    HAL_PCDEx_SetTxFiFo                      0x08001c99   Thumb Code    78  stm32f4xx_hal_pcd_ex.o(i.HAL_PCDEx_SetTxFiFo)
    HAL_PCD_ConnectCallback                  0x08001ce7   Thumb Code     8  usbd_conf.o(i.HAL_PCD_ConnectCallback)
    HAL_PCD_DataInStageCallback              0x08001cef   Thumb Code    18  usbd_conf.o(i.HAL_PCD_DataInStageCallback)
    HAL_PCD_DataOutStageCallback             0x08001d01   Thumb Code    20  usbd_conf.o(i.HAL_PCD_DataOutStageCallback)
    HAL_PCD_DisconnectCallback               0x08001d15   Thumb Code     8  usbd_conf.o(i.HAL_PCD_DisconnectCallback)
    HAL_PCD_EP_Abort                         0x08001d1d   Thumb Code    66  stm32f4xx_hal_pcd.o(i.HAL_PCD_EP_Abort)
    HAL_PCD_EP_Close                         0x08001d5f   Thumb Code   106  stm32f4xx_hal_pcd.o(i.HAL_PCD_EP_Close)
    HAL_PCD_EP_ClrStall                      0x08001dc9   Thumb Code   124  stm32f4xx_hal_pcd.o(i.HAL_PCD_EP_ClrStall)
    HAL_PCD_EP_GetRxCount                    0x08001e45   Thumb Code    22  stm32f4xx_hal_pcd.o(i.HAL_PCD_EP_GetRxCount)
    HAL_PCD_EP_Open                          0x08001e5b   Thumb Code   140  stm32f4xx_hal_pcd.o(i.HAL_PCD_EP_Open)
    HAL_PCD_EP_Receive                       0x08001ee7   Thumb Code    70  stm32f4xx_hal_pcd.o(i.HAL_PCD_EP_Receive)
    HAL_PCD_EP_SetStall                      0x08001f2d   Thumb Code   138  stm32f4xx_hal_pcd.o(i.HAL_PCD_EP_SetStall)
    HAL_PCD_EP_Transmit                      0x08001fb7   Thumb Code    72  stm32f4xx_hal_pcd.o(i.HAL_PCD_EP_Transmit)
    HAL_PCD_IRQHandler                       0x08001fff   Thumb Code  1738  stm32f4xx_hal_pcd.o(i.HAL_PCD_IRQHandler)
    HAL_PCD_ISOINIncompleteCallback          0x080026c9   Thumb Code     8  usbd_conf.o(i.HAL_PCD_ISOINIncompleteCallback)
    HAL_PCD_ISOOUTIncompleteCallback         0x080026d1   Thumb Code     8  usbd_conf.o(i.HAL_PCD_ISOOUTIncompleteCallback)
    HAL_PCD_Init                             0x080026d9   Thumb Code   350  stm32f4xx_hal_pcd.o(i.HAL_PCD_Init)
    HAL_PCD_MspInit                          0x08002839   Thumb Code   116  usbd_conf.o(i.HAL_PCD_MspInit)
    HAL_PCD_ResetCallback                    0x080028bd   Thumb Code    46  usbd_conf.o(i.HAL_PCD_ResetCallback)
    HAL_PCD_ResumeCallback                   0x080028eb   Thumb Code     8  usbd_conf.o(i.HAL_PCD_ResumeCallback)
    HAL_PCD_SOFCallback                      0x080028f3   Thumb Code     8  usbd_conf.o(i.HAL_PCD_SOFCallback)
    HAL_PCD_SetAddress                       0x080028fb   Thumb Code    52  stm32f4xx_hal_pcd.o(i.HAL_PCD_SetAddress)
    HAL_PCD_SetupStageCallback               0x0800292f   Thumb Code    14  usbd_conf.o(i.HAL_PCD_SetupStageCallback)
    HAL_PCD_Start                            0x0800293d   Thumb Code    76  stm32f4xx_hal_pcd.o(i.HAL_PCD_Start)
    HAL_PCD_SuspendCallback                  0x08002989   Thumb Code    44  usbd_conf.o(i.HAL_PCD_SuspendCallback)
    HAL_RCC_ClockConfig                      0x080029b9   Thumb Code   368  stm32f4xx_hal_rcc.o(i.HAL_RCC_ClockConfig)
    HAL_RCC_GetClockConfig                   0x08002b3d   Thumb Code    58  stm32f4xx_hal_rcc.o(i.HAL_RCC_GetClockConfig)
    HAL_RCC_GetHCLKFreq                      0x08002b81   Thumb Code     6  stm32f4xx_hal_rcc.o(i.HAL_RCC_GetHCLKFreq)
    HAL_RCC_GetPCLK1Freq                     0x08002b8d   Thumb Code    22  stm32f4xx_hal_rcc.o(i.HAL_RCC_GetPCLK1Freq)
    HAL_RCC_GetPCLK2Freq                     0x08002bad   Thumb Code    22  stm32f4xx_hal_rcc.o(i.HAL_RCC_GetPCLK2Freq)
    HAL_RCC_GetSysClockFreq                  0x08002bcd   Thumb Code   162  stm32f4xx_hal_rcc.o(i.HAL_RCC_GetSysClockFreq)
    HAL_RCC_OscConfig                        0x08002c7d   Thumb Code  1172  stm32f4xx_hal_rcc.o(i.HAL_RCC_OscConfig)
    HAL_TIMEx_BreakCallback                  0x08003119   Thumb Code     2  stm32f4xx_hal_tim_ex.o(i.HAL_TIMEx_BreakCallback)
    HAL_TIMEx_CommutCallback                 0x0800311b   Thumb Code     2  stm32f4xx_hal_tim_ex.o(i.HAL_TIMEx_CommutCallback)
    HAL_TIM_Base_Init                        0x0800311d   Thumb Code   102  stm32f4xx_hal_tim.o(i.HAL_TIM_Base_Init)
    HAL_TIM_Base_MspInit                     0x08003183   Thumb Code     2  stm32f4xx_hal_tim.o(i.HAL_TIM_Base_MspInit)
    HAL_TIM_Base_Start_IT                    0x08003185   Thumb Code   138  stm32f4xx_hal_tim.o(i.HAL_TIM_Base_Start_IT)
    HAL_TIM_IC_CaptureCallback               0x0800322d   Thumb Code     2  stm32f4xx_hal_tim.o(i.HAL_TIM_IC_CaptureCallback)
    HAL_TIM_IRQHandler                       0x0800322f   Thumb Code   364  stm32f4xx_hal_tim.o(i.HAL_TIM_IRQHandler)
    HAL_TIM_OC_DelayElapsedCallback          0x0800339b   Thumb Code     2  stm32f4xx_hal_tim.o(i.HAL_TIM_OC_DelayElapsedCallback)
    HAL_TIM_PWM_PulseFinishedCallback        0x0800339d   Thumb Code     2  stm32f4xx_hal_tim.o(i.HAL_TIM_PWM_PulseFinishedCallback)
    HAL_TIM_PeriodElapsedCallback            0x0800339f   Thumb Code    18  main.o(i.HAL_TIM_PeriodElapsedCallback)
    HAL_TIM_TriggerCallback                  0x080033b1   Thumb Code     2  stm32f4xx_hal_tim.o(i.HAL_TIM_TriggerCallback)
    HAL_UARTEx_RxEventCallback               0x080033b3   Thumb Code     2  stm32f4xx_hal_uart.o(i.HAL_UARTEx_RxEventCallback)
    HAL_UART_DMAStop                         0x080033b5   Thumb Code   138  stm32f4xx_hal_uart.o(i.HAL_UART_DMAStop)
    HAL_UART_ErrorCallback                   0x0800343f   Thumb Code     2  stm32f4xx_hal_uart.o(i.HAL_UART_ErrorCallback)
    HAL_UART_IRQHandler                      0x08003441   Thumb Code   740  stm32f4xx_hal_uart.o(i.HAL_UART_IRQHandler)
    HAL_UART_Init                            0x08003729   Thumb Code   118  stm32f4xx_hal_uart.o(i.HAL_UART_Init)
    HAL_UART_MspInit                         0x080037a1   Thumb Code   196  usart.o(i.HAL_UART_MspInit)
    HAL_UART_Receive_DMA                     0x08003879   Thumb Code    44  stm32f4xx_hal_uart.o(i.HAL_UART_Receive_DMA)
    HAL_UART_RxCpltCallback                  0x080038a5   Thumb Code     2  stm32f4xx_hal_uart.o(i.HAL_UART_RxCpltCallback)
    HAL_UART_RxHalfCpltCallback              0x080038a7   Thumb Code     2  stm32f4xx_hal_uart.o(i.HAL_UART_RxHalfCpltCallback)
    HAL_UART_TxCpltCallback                  0x080038a9   Thumb Code     2  stm32f4xx_hal_uart.o(i.HAL_UART_TxCpltCallback)
    HardFault_Handler                        0x080038ab   Thumb Code     4  stm32f4xx_it.o(i.HardFault_Handler)
    MX_CAN1_Init                             0x080038ed   Thumb Code    56  can.o(i.MX_CAN1_Init)
    MX_CAN2_Init                             0x0800392d   Thumb Code    56  can.o(i.MX_CAN2_Init)
    MX_DMA_Init                              0x0800396d   Thumb Code    52  dma.o(i.MX_DMA_Init)
    MX_FREERTOS_Init                         0x080039a5   Thumb Code    30  freertos.o(i.MX_FREERTOS_Init)
    MX_GPIO_Init                             0x080039cd   Thumb Code   212  gpio.o(i.MX_GPIO_Init)
    MX_UART4_Init                            0x08003aa9   Thumb Code    46  usart.o(i.MX_UART4_Init)
    MX_USB_DEVICE_Init                       0x08003ae1   Thumb Code    66  usb_device.o(i.MX_USB_DEVICE_Init)
    MemManage_Handler                        0x08003b35   Thumb Code     4  stm32f4xx_it.o(i.MemManage_Handler)
    Motor_Task                               0x08003b39   Thumb Code   636  mytask.o(i.Motor_Task)
    MyDog                                    0x08003df1   Thumb Code    96  mydog.o(i.MyDog)
    NMI_Handler                              0x08003e6d   Thumb Code     4  stm32f4xx_it.o(i.NMI_Handler)
    OTG_FS_IRQHandler                        0x08003e71   Thumb Code    10  stm32f4xx_it.o(i.OTG_FS_IRQHandler)
    RAMP_self                                0x080040df   Thumb Code   120  mytask.o(i.RAMP_self)
    StartDefaultTask                         0x08004157   Thumb Code    26  freertos.o(i.StartDefaultTask)
    SysTick_Handler                          0x08004171   Thumb Code    46  port.o(i.SysTick_Handler)
    SystemClock_Config                       0x080041a5   Thumb Code   172  main.o(i.SystemClock_Config)
    SystemInit                               0x08004259   Thumb Code    14  system_stm32f4xx.o(i.SystemInit)
    TIM2_IRQHandler                          0x0800426d   Thumb Code    10  stm32f4xx_it.o(i.TIM2_IRQHandler)
    TIM_Base_SetConfig                       0x0800427d   Thumb Code   186  stm32f4xx_hal_tim.o(i.TIM_Base_SetConfig)
    Task_Creat                               0x08004365   Thumb Code    80  mytask.o(i.Task_Creat)
    UART4_IRQHandler                         0x080043e5   Thumb Code   144  stm32f4xx_it.o(i.UART4_IRQHandler)
    UART_Start_Receive_DMA                   0x080049a1   Thumb Code   186  stm32f4xx_hal_uart.o(i.UART_Start_Receive_DMA)
    USBD_CDC_GetDeviceQualifierDescriptor    0x08004c4d   Thumb Code     8  usbd_cdc.o(i.USBD_CDC_GetDeviceQualifierDescriptor)
    USBD_CDC_ReceivePacket                   0x08004e71   Thumb Code    66  usbd_cdc.o(i.USBD_CDC_ReceivePacket)
    USBD_CDC_RegisterInterface               0x08004eb9   Thumb Code    24  usbd_cdc.o(i.USBD_CDC_RegisterInterface)
    USBD_CDC_SetRxBuffer                     0x08004ed1   Thumb Code    28  usbd_cdc.o(i.USBD_CDC_SetRxBuffer)
    USBD_CDC_SetTxBuffer                     0x08004eed   Thumb Code    32  usbd_cdc.o(i.USBD_CDC_SetTxBuffer)
    USBD_ClrClassConfig                      0x0800501d   Thumb Code    20  usbd_core.o(i.USBD_ClrClassConfig)
    USBD_CoreFindEP                          0x08005057   Thumb Code     4  usbd_core.o(i.USBD_CoreFindEP)
    USBD_CoreFindIF                          0x0800505b   Thumb Code     4  usbd_core.o(i.USBD_CoreFindIF)
    USBD_CtlContinueRx                       0x0800505f   Thumb Code    16  usbd_ioreq.o(i.USBD_CtlContinueRx)
    USBD_CtlContinueSendData                 0x0800506f   Thumb Code    16  usbd_ioreq.o(i.USBD_CtlContinueSendData)
    USBD_CtlError                            0x0800507f   Thumb Code    24  usbd_ctlreq.o(i.USBD_CtlError)
    USBD_CtlPrepareRx                        0x08005097   Thumb Code    30  usbd_ioreq.o(i.USBD_CtlPrepareRx)
    USBD_CtlReceiveStatus                    0x080050b5   Thumb Code    22  usbd_ioreq.o(i.USBD_CtlReceiveStatus)
    USBD_CtlSendData                         0x080050cb   Thumb Code    26  usbd_ioreq.o(i.USBD_CtlSendData)
    USBD_CtlSendStatus                       0x080050e5   Thumb Code    22  usbd_ioreq.o(i.USBD_CtlSendStatus)
    USBD_FS_ConfigStrDescriptor              0x080050fd   Thumb Code    32  usbd_desc.o(i.USBD_FS_ConfigStrDescriptor)
    USBD_FS_DeviceDescriptor                 0x0800512d   Thumb Code     8  usbd_desc.o(i.USBD_FS_DeviceDescriptor)
    USBD_FS_InterfaceStrDescriptor           0x08005139   Thumb Code    32  usbd_desc.o(i.USBD_FS_InterfaceStrDescriptor)
    USBD_FS_LangIDStrDescriptor              0x0800516d   Thumb Code     8  usbd_desc.o(i.USBD_FS_LangIDStrDescriptor)
    USBD_FS_ManufacturerStrDescriptor        0x08005179   Thumb Code    16  usbd_desc.o(i.USBD_FS_ManufacturerStrDescriptor)
    USBD_FS_ProductStrDescriptor             0x080051a1   Thumb Code    32  usbd_desc.o(i.USBD_FS_ProductStrDescriptor)
    USBD_FS_SerialStrDescriptor              0x080051dd   Thumb Code    14  usbd_desc.o(i.USBD_FS_SerialStrDescriptor)
    USBD_GetEpDesc                           0x080053d9   Thumb Code    60  usbd_core.o(i.USBD_GetEpDesc)
    USBD_GetNextDesc                         0x0800542d   Thumb Code    14  usbd_core.o(i.USBD_GetNextDesc)
    USBD_GetString                           0x08005471   Thumb Code    68  usbd_ctlreq.o(i.USBD_GetString)
    USBD_Get_USB_Status                      0x080054b5   Thumb Code    36  usbd_conf.o(i.USBD_Get_USB_Status)
    USBD_Init                                0x080054d9   Thumb Code    40  usbd_core.o(i.USBD_Init)
    USBD_LL_ClearStallEP                     0x08005501   Thumb Code    18  usbd_conf.o(i.USBD_LL_ClearStallEP)
    USBD_LL_CloseEP                          0x08005513   Thumb Code    18  usbd_conf.o(i.USBD_LL_CloseEP)
    USBD_LL_DataInStage                      0x08005525   Thumb Code   220  usbd_core.o(i.USBD_LL_DataInStage)
    USBD_LL_DataOutStage                     0x08005601   Thumb Code   208  usbd_core.o(i.USBD_LL_DataOutStage)
    USBD_LL_DevConnected                     0x080056d1   Thumb Code     4  usbd_core.o(i.USBD_LL_DevConnected)
    USBD_LL_DevDisconnected                  0x080056d5   Thumb Code    32  usbd_core.o(i.USBD_LL_DevDisconnected)
    USBD_LL_GetRxDataSize                    0x080056f5   Thumb Code     8  usbd_conf.o(i.USBD_LL_GetRxDataSize)
    USBD_LL_Init                             0x080056fd   Thumb Code    92  usbd_conf.o(i.USBD_LL_Init)
    USBD_LL_IsStallEP                        0x0800575d   Thumb Code    32  usbd_conf.o(i.USBD_LL_IsStallEP)
    USBD_LL_IsoINIncomplete                  0x0800577d   Thumb Code    42  usbd_core.o(i.USBD_LL_IsoINIncomplete)
    USBD_LL_IsoOUTIncomplete                 0x080057a7   Thumb Code    42  usbd_core.o(i.USBD_LL_IsoOUTIncomplete)
    USBD_LL_OpenEP                           0x080057d1   Thumb Code    24  usbd_conf.o(i.USBD_LL_OpenEP)
    USBD_LL_PrepareReceive                   0x080057e9   Thumb Code    18  usbd_conf.o(i.USBD_LL_PrepareReceive)
    USBD_LL_Reset                            0x080057fb   Thumb Code    96  usbd_core.o(i.USBD_LL_Reset)
    USBD_LL_Resume                           0x0800585b   Thumb Code    20  usbd_core.o(i.USBD_LL_Resume)
    USBD_LL_SOF                              0x0800586f   Thumb Code    26  usbd_core.o(i.USBD_LL_SOF)
    USBD_LL_SetSpeed                         0x08005889   Thumb Code     6  usbd_core.o(i.USBD_LL_SetSpeed)
    USBD_LL_SetUSBAddress                    0x0800588f   Thumb Code    18  usbd_conf.o(i.USBD_LL_SetUSBAddress)
    USBD_LL_SetupStage                       0x080058a1   Thumb Code   100  usbd_core.o(i.USBD_LL_SetupStage)
    USBD_LL_StallEP                          0x08005905   Thumb Code    18  usbd_conf.o(i.USBD_LL_StallEP)
    USBD_LL_Start                            0x08005917   Thumb Code    18  usbd_conf.o(i.USBD_LL_Start)
    USBD_LL_Suspend                          0x08005929   Thumb Code    26  usbd_core.o(i.USBD_LL_Suspend)
    USBD_LL_Transmit                         0x08005943   Thumb Code    18  usbd_conf.o(i.USBD_LL_Transmit)
    USBD_ParseSetupRequest                   0x08005955   Thumb Code    50  usbd_ctlreq.o(i.USBD_ParseSetupRequest)
    USBD_RegisterClass                       0x08005987   Thumb Code    58  usbd_core.o(i.USBD_RegisterClass)
    USBD_RunTestMode                         0x080059c1   Thumb Code     4  usbd_core.o(i.USBD_RunTestMode)
    USBD_SetClassConfig                      0x08005a1d   Thumb Code    20  usbd_core.o(i.USBD_SetClassConfig)
    USBD_Start                               0x08005b31   Thumb Code     4  usbd_core.o(i.USBD_Start)
    USBD_StdDevReq                           0x08005b35   Thumb Code   118  usbd_ctlreq.o(i.USBD_StdDevReq)
    USBD_StdEPReq                            0x08005bab   Thumb Code   558  usbd_ctlreq.o(i.USBD_StdEPReq)
    USBD_StdItfReq                           0x08005dd9   Thumb Code   142  usbd_ctlreq.o(i.USBD_StdItfReq)
    USBD_static_free                         0x08005e67   Thumb Code     2  usbd_conf.o(i.USBD_static_free)
    USBD_static_malloc                       0x08005e69   Thumb Code     4  usbd_conf.o(i.USBD_static_malloc)
    USB_ActivateEndpoint                     0x08005e71   Thumb Code   202  stm32f4xx_ll_usb.o(i.USB_ActivateEndpoint)
    USB_ActivateSetup                        0x08005f41   Thumb Code    40  stm32f4xx_ll_usb.o(i.USB_ActivateSetup)
    USB_CoreInit                             0x08005f69   Thumb Code   136  stm32f4xx_ll_usb.o(i.USB_CoreInit)
    USB_DeactivateEndpoint                   0x08006049   Thumb Code   318  stm32f4xx_ll_usb.o(i.USB_DeactivateEndpoint)
    USB_DevConnect                           0x08006195   Thumb Code    36  stm32f4xx_ll_usb.o(i.USB_DevConnect)
    USB_DevDisconnect                        0x080061b9   Thumb Code    36  stm32f4xx_ll_usb.o(i.USB_DevDisconnect)
    USB_DevInit                              0x080061dd   Thumb Code   480  stm32f4xx_ll_usb.o(i.USB_DevInit)
    USB_DisableGlobalInt                     0x080063c5   Thumb Code    14  stm32f4xx_ll_usb.o(i.USB_DisableGlobalInt)
    USB_EP0_OutStart                         0x080063d5   Thumb Code   106  stm32f4xx_ll_usb.o(i.USB_EP0_OutStart)
    USB_EPClearStall                         0x08006445   Thumb Code   142  stm32f4xx_ll_usb.o(i.USB_EPClearStall)
    USB_EPSetStall                           0x080064d3   Thumb Code   154  stm32f4xx_ll_usb.o(i.USB_EPSetStall)
    USB_EPStartXfer                          0x0800656d   Thumb Code   944  stm32f4xx_ll_usb.o(i.USB_EPStartXfer)
    USB_EPStopXfer                           0x08006921   Thumb Code   236  stm32f4xx_ll_usb.o(i.USB_EPStopXfer)
    USB_EnableGlobalInt                      0x08006a0d   Thumb Code    14  stm32f4xx_ll_usb.o(i.USB_EnableGlobalInt)
    USB_FlushRxFifo                          0x08006a1b   Thumb Code    80  stm32f4xx_ll_usb.o(i.USB_FlushRxFifo)
    USB_FlushTxFifo                          0x08006a6b   Thumb Code    84  stm32f4xx_ll_usb.o(i.USB_FlushTxFifo)
    USB_GetDevSpeed                          0x08006abf   Thumb Code    38  stm32f4xx_ll_usb.o(i.USB_GetDevSpeed)
    USB_GetMode                              0x08006ae5   Thumb Code    10  stm32f4xx_ll_usb.o(i.USB_GetMode)
    USB_ReadDevAllInEpInterrupt              0x08006aef   Thumb Code    20  stm32f4xx_ll_usb.o(i.USB_ReadDevAllInEpInterrupt)
    USB_ReadDevAllOutEpInterrupt             0x08006b03   Thumb Code    20  stm32f4xx_ll_usb.o(i.USB_ReadDevAllOutEpInterrupt)
    USB_ReadDevInEPInterrupt                 0x08006b17   Thumb Code    50  stm32f4xx_ll_usb.o(i.USB_ReadDevInEPInterrupt)
    USB_ReadDevOutEPInterrupt                0x08006b49   Thumb Code    26  stm32f4xx_ll_usb.o(i.USB_ReadDevOutEPInterrupt)
    USB_ReadInterrupts                       0x08006b63   Thumb Code    10  stm32f4xx_ll_usb.o(i.USB_ReadInterrupts)
    USB_ReadPacket                           0x08006b6d   Thumb Code    96  stm32f4xx_ll_usb.o(i.USB_ReadPacket)
    USB_SetCurrentMode                       0x08006bcd   Thumb Code   104  stm32f4xx_ll_usb.o(i.USB_SetCurrentMode)
    USB_SetDevAddress                        0x08006c35   Thumb Code    42  stm32f4xx_ll_usb.o(i.USB_SetDevAddress)
    USB_SetDevSpeed                          0x08006c5f   Thumb Code    18  stm32f4xx_ll_usb.o(i.USB_SetDevSpeed)
    USB_SetTurnaroundTime                    0x08006c71   Thumb Code   192  stm32f4xx_ll_usb.o(i.USB_SetTurnaroundTime)
    USB_WritePacket                          0x08006d59   Thumb Code    68  stm32f4xx_ll_usb.o(i.USB_WritePacket)
    UsageFault_Handler                       0x08006d9d   Thumb Code     4  stm32f4xx_it.o(i.UsageFault_Handler)
    VCOMM_CallBack                           0x08006da1   Thumb Code   486  mytask.o(i.VCOMM_CallBack)
    VCOMM_Error_CallBack                     0x08006fc9   Thumb Code     2  vcomcomm.o(i.VCOMM_Error_CallBack)
    VCOMM_Receive_FS                         0x08006fcb   Thumb Code    98  vcomcomm.o(i.VCOMM_Receive_FS)
    Verify_CRC16_Check_Sum                   0x0800702d   Thumb Code    26  crc.o(i.Verify_CRC16_Check_Sum)
    WatchDog_CallBack                        0x08007049   Thumb Code    26  mytask.o(i.WatchDog_CallBack)
    WatchDog_Init                            0x08007075   Thumb Code    36  watchdog.o(i.WatchDog_Init)
    WatchDog_Polling                         0x080070a1   Thumb Code    68  watchdog.o(i.WatchDog_Polling)
    __scatterload_copy                       0x08007125   Thumb Code    14  handlers.o(i.__scatterload_copy)
    __scatterload_null                       0x08007133   Thumb Code     2  handlers.o(i.__scatterload_null)
    __scatterload_zeroinit                   0x08007135   Thumb Code    14  handlers.o(i.__scatterload_zeroinit)
    main                                     0x08007145   Thumb Code   224  main.o(i.main)
    osKernelStart                            0x08007253   Thumb Code    10  cmsis_os.o(i.osKernelStart)
    osThreadCreate                           0x0800725d   Thumb Code    94  cmsis_os.o(i.osThreadCreate)
    pvPortMalloc                             0x0800773d   Thumb Code   306  heap_4.o(i.pvPortMalloc)
    pxPortInitialiseStack                    0x08007889   Thumb Code    38  port.o(i.pxPortInitialiseStack)
    uxListRemove                             0x080078b5   Thumb Code    40  list.o(i.uxListRemove)
    vApplicationGetIdleTaskMemory            0x080078dd   Thumb Code    14  freertos.o(i.vApplicationGetIdleTaskMemory)
    vListInitialise                          0x080078f5   Thumb Code    26  list.o(i.vListInitialise)
    vListInitialiseItem                      0x0800790f   Thumb Code     6  list.o(i.vListInitialiseItem)
    vListInsert                              0x08007915   Thumb Code    52  list.o(i.vListInsert)
    vListInsertEnd                           0x08007949   Thumb Code    24  list.o(i.vListInsertEnd)
    vPortEnterCritical                       0x08007961   Thumb Code    76  port.o(i.vPortEnterCritical)
    vPortExitCritical                        0x080079b5   Thumb Code    56  port.o(i.vPortExitCritical)
    vPortFree                                0x080079f1   Thumb Code   150  heap_4.o(i.vPortFree)
    vPortSetupTimerInterrupt                 0x08007a95   Thumb Code    36  port.o(i.vPortSetupTimerInterrupt)
    vTaskDelayUntil                          0x08007abd   Thumb Code   200  tasks.o(i.vTaskDelayUntil)
    vTaskDelete                              0x08007b91   Thumb Code   202  tasks.o(i.vTaskDelete)
    vTaskStartScheduler                      0x08007c85   Thumb Code   146  tasks.o(i.vTaskStartScheduler)
    vTaskSuspendAll                          0x08007d35   Thumb Code    12  tasks.o(i.vTaskSuspendAll)
    vTaskSwitchContext                       0x08007d45   Thumb Code   118  tasks.o(i.vTaskSwitchContext)
    xPortStartScheduler                      0x08007dd1   Thumb Code   330  port.o(i.xPortStartScheduler)
    xTaskCreate                              0x08007f39   Thumb Code   100  tasks.o(i.xTaskCreate)
    xTaskCreateStatic                        0x08007f9d   Thumb Code   186  tasks.o(i.xTaskCreateStatic)
    xTaskGetTickCount                        0x08008059   Thumb Code     6  tasks.o(i.xTaskGetTickCount)
    xTaskIncrementTick                       0x08008065   Thumb Code   282  tasks.o(i.xTaskIncrementTick)
    xTaskResumeAll                           0x080081ad   Thumb Code   224  tasks.o(i.xTaskResumeAll)
    AHBPrescTable                            0x080085ec   Data          16  system_stm32f4xx.o(.constdata)
    APBPrescTable                            0x080085fc   Data           8  system_stm32f4xx.o(.constdata)
    Region$$Table$$Base                      0x08008610   Number         0  anon$$obj.o(Region$$Table)
    Region$$Table$$Limit                     0x08008630   Number         0  anon$$obj.o(Region$$Table)
    mode                                     0x20000008   Data           1  mytask.o(.data)
    Remote_dog                               0x2000000c   Data           8  mytask.o(.data)
    Remote_Flag                              0x20000014   Data           1  mytask.o(.data)
    PC_dog                                   0x20000018   Data           8  mytask.o(.data)
    PC_dog_Flag                              0x20000020   Data           1  mytask.o(.data)
    outcoming_1                              0x20000022   Data           2  mytask.o(.data)
    outcoming_2                              0x20000024   Data           2  mytask.o(.data)
    outcoming_3                              0x20000026   Data           2  mytask.o(.data)
    defaultTaskHandle                        0x20000028   Data           4  freertos.o(.data)
    uwTick                                   0x20000030   Data           4  stm32f4xx_hal.o(.data)
    uwTickPrio                               0x20000034   Data           4  stm32f4xx_hal.o(.data)
    uwTickFreq                               0x20000038   Data           1  stm32f4xx_hal.o(.data)
    SystemCoreClock                          0x2000003c   Data           4  system_stm32f4xx.o(.data)
    pxCurrentTCB                             0x20000040   Data           4  tasks.o(.data)
    FS_Desc                                  0x200000a8   Data          28  usbd_desc.o(.data)
    USBD_LangIDDesc                          0x200000c4   Data           4  usbd_desc.o(.data)
    USBD_FS_DeviceDesc                       0x200000c8   Data          18  usbd_desc.o(.data)
    USBD_StringSerial                        0x200000dc   Data          26  usbd_desc.o(.data)
    USBD_Interface_fops_FS                   0x200000f8   Data          20  usbd_cdc_if.o(.data)
    USBD_CDC                                 0x20000164   Data          56  usbd_cdc.o(.data)
    VCOMCOMM_Data                            0x200001a0   Data          24  mytask.o(.bss)
    MI                                       0x200001b8   Data          24  mytask.o(.bss)
    MII                                      0x200001d0   Data          24  mytask.o(.bss)
    MIII                                     0x200001e8   Data          24  mytask.o(.bss)
    hcan1                                    0x20000454   Data          40  can.o(.bss)
    hcan2                                    0x2000047c   Data          40  can.o(.bss)
    huart4                                   0x200004a4   Data          72  usart.o(.bss)
    hdma_uart4_rx                            0x200004ec   Data          96  usart.o(.bss)
    usart4_dma_buff                          0x2000054c   Data          21  stm32f4xx_it.o(.bss)
    RemoteData                               0x20000561   Data          21  stm32f4xx_it.o(.bss)
    Remote_Control                           0x20000578   Data          16  stm32f4xx_it.o(.bss)
    htim2                                    0x20000588   Data          72  stm32f4xx_hal_timebase_tim.o(.bss)
    hUsbDeviceFS                             0x200042c0   Data         732  usb_device.o(.bss)
    USBD_StrDesc                             0x2000459c   Data         512  usbd_desc.o(.bss)
    UserRxBufferFS                           0x2000479c   Data        2048  usbd_cdc_if.o(.bss)
    UserTxBufferFS                           0x20004f9c   Data        2048  usbd_cdc_if.o(.bss)
    hpcd_USB_OTG_FS                          0x200059bc   Data        1252  usbd_conf.o(.bss)
    __initial_sp                             0x200062a0   Data           0  startup_stm32f407xx.o(STACK)



==============================================================================

Memory Map of the image

  Image Entry point : 0x08000189

  Load Region LR_IROM1 (Base: 0x08000000, Size: 0x000087cc, Max: 0x00080000, ABSOLUTE, COMPRESSED[0x000086f0])

    Execution Region ER_IROM1 (Exec base: 0x08000000, Load base: 0x08000000, Size: 0x00008630, Max: 0x00080000, ABSOLUTE)

    Exec Addr    Load Addr    Size         Type   Attr      Idx    E Section Name        Object

    0x08000000   0x08000000   0x00000188   Data   RO            3    RESET               startup_stm32f407xx.o
    0x08000188   0x08000188   0x00000000   Code   RO         7250  * .ARM.Collect$$$$00000000  mc_w.l(entry.o)
    0x08000188   0x08000188   0x00000004   Code   RO         7301    .ARM.Collect$$$$00000001  mc_w.l(entry2.o)
    0x0800018c   0x0800018c   0x00000004   Code   RO         7304    .ARM.Collect$$$$00000004  mc_w.l(entry5.o)
    0x08000190   0x08000190   0x00000000   Code   RO         7306    .ARM.Collect$$$$00000008  mc_w.l(entry7b.o)
    0x08000190   0x08000190   0x00000000   Code   RO         7308    .ARM.Collect$$$$0000000A  mc_w.l(entry8b.o)
    0x08000190   0x08000190   0x00000008   Code   RO         7309    .ARM.Collect$$$$0000000B  mc_w.l(entry9a.o)
    0x08000198   0x08000198   0x00000004   Code   RO         7316    .ARM.Collect$$$$0000000E  mc_w.l(entry12b.o)
    0x0800019c   0x0800019c   0x00000000   Code   RO         7311    .ARM.Collect$$$$0000000F  mc_w.l(entry10a.o)
    0x0800019c   0x0800019c   0x00000000   Code   RO         7313    .ARM.Collect$$$$00000011  mc_w.l(entry11a.o)
    0x0800019c   0x0800019c   0x00000004   Code   RO         7302    .ARM.Collect$$$$00002712  mc_w.l(entry2.o)
    0x080001a0   0x080001a0   0x000000be   Code   RO         6355    .emb_text           port.o
    0x0800025e   0x0800025e   0x00000002   PAD
    0x08000260   0x08000260   0x00000024   Code   RO            4    .text               startup_stm32f407xx.o
    0x08000284   0x08000284   0x00000062   Code   RO         7253    .text               mc_w.l(uldiv.o)
    0x080002e6   0x080002e6   0x00000024   Code   RO         7255    .text               mc_w.l(memcpya.o)
    0x0800030a   0x0800030a   0x00000024   Code   RO         7259    .text               mc_w.l(memseta.o)
    0x0800032e   0x0800032e   0x0000014e   Code   RO         7291    .text               mf_w.l(dadd.o)
    0x0800047c   0x0800047c   0x000000e4   Code   RO         7293    .text               mf_w.l(dmul.o)
    0x08000560   0x08000560   0x00000022   Code   RO         7297    .text               mf_w.l(dflti.o)
    0x08000582   0x08000582   0x0000003e   Code   RO         7299    .text               mf_w.l(dfixi.o)
    0x080005c0   0x080005c0   0x0000001e   Code   RO         7317    .text               mc_w.l(llshl.o)
    0x080005de   0x080005de   0x00000020   Code   RO         7319    .text               mc_w.l(llushr.o)
    0x080005fe   0x080005fe   0x00000024   Code   RO         7321    .text               mc_w.l(llsshr.o)
    0x08000622   0x08000622   0x00000000   Code   RO         7325    .text               mc_w.l(iusefp.o)
    0x08000622   0x08000622   0x000000ba   Code   RO         7326    .text               mf_w.l(depilogue.o)
    0x080006dc   0x080006dc   0x00000024   Code   RO         7328    .text               mc_w.l(init.o)
    0x08000700   0x08000700   0x00000056   Code   RO         7338    .text               mc_w.l(__dczerorl2.o)
    0x08000756   0x08000756   0x00000004   Code   RO         1488    i.BusFault_Handler  stm32f4xx_it.o
    0x0800075a   0x0800075a   0x00000002   PAD
    0x0800075c   0x0800075c   0x00000010   Code   RO         1489    i.CAN1_RX0_IRQHandler  stm32f4xx_it.o
    0x0800076c   0x0800076c   0x00000010   Code   RO         1490    i.CAN1_TX_IRQHandler  stm32f4xx_it.o
    0x0800077c   0x0800077c   0x00000010   Code   RO         1491    i.CAN2_RX1_IRQHandler  stm32f4xx_it.o
    0x0800078c   0x0800078c   0x00000010   Code   RO         1492    i.CAN2_TX_IRQHandler  stm32f4xx_it.o
    0x0800079c   0x0800079c   0x00000030   Code   RO          712    i.CAN_RoboModule_DRV_Mode_Choice  robomodule_drv.o
    0x080007cc   0x080007cc   0x00000024   Code   RO          717    i.CAN_RoboModule_DRV_Reset  robomodule_drv.o
    0x080007f0   0x080007f0   0x00000078   Code   RO          719    i.CAN_RoboModule_DRV_Velocity_Mode  robomodule_drv.o
    0x08000868   0x08000868   0x00000034   Code   RO           14    i.CAN_Send_StdDataFrame  candrive.o
    0x0800089c   0x0800089c   0x00000008   Code   RO         6560    i.CDC_Control_FS    usbd_cdc_if.o
    0x080008a4   0x080008a4   0x00000004   Code   RO         6561    i.CDC_DeInit_FS     usbd_cdc_if.o
    0x080008a8   0x080008a8   0x00000024   Code   RO         6562    i.CDC_Init_FS       usbd_cdc_if.o
    0x080008cc   0x080008cc   0x00000024   Code   RO         6563    i.CDC_Receive_FS    usbd_cdc_if.o
    0x080008f0   0x080008f0   0x00000004   Code   RO         6564    i.CDC_TransmitCplt_FS  usbd_cdc_if.o
    0x080008f4   0x080008f4   0x00000054   Code   RO           15    i.CanFilter_Init    candrive.o
    0x08000948   0x08000948   0x00000010   Code   RO         1493    i.DMA1_Stream2_IRQHandler  stm32f4xx_it.o
    0x08000958   0x08000958   0x00000034   Code   RO         2765    i.DMA_CalcBaseAndBitshift  stm32f4xx_hal_dma.o
    0x0800098c   0x0800098c   0x000000aa   Code   RO         2766    i.DMA_CheckFifoParam  stm32f4xx_hal_dma.o
    0x08000a36   0x08000a36   0x0000002c   Code   RO         2767    i.DMA_SetConfig     stm32f4xx_hal_dma.o
    0x08000a62   0x08000a62   0x00000002   Code   RO         1494    i.DebugMon_Handler  stm32f4xx_it.o
    0x08000a64   0x08000a64   0x00000018   Code   RO          931    i.Dog_Task          mytask.o
    0x08000a7c   0x08000a7c   0x00000006   Code   RO         1245    i.Error_Handler     main.o
    0x08000a82   0x08000a82   0x00000002   PAD
    0x08000a84   0x08000a84   0x00000048   Code   RO          932    i.FeedDog_CallBack  mytask.o
    0x08000acc   0x08000acc   0x00000010   Code   RO          879    i.Feed_Dog          watchdog.o
    0x08000adc   0x08000adc   0x00000034   Code   RO          217    i.Get_CRC16_Check_Sum  crc.o
    0x08000b10   0x08000b10   0x00000038   Code   RO         6469    i.Get_SerialNum     usbd_desc.o
    0x08000b48   0x08000b48   0x0000002a   Code   RO         3450    i.HAL_CAN_ActivateNotification  stm32f4xx_hal_can.o
    0x08000b72   0x08000b72   0x0000014a   Code   RO         3451    i.HAL_CAN_AddTxMessage  stm32f4xx_hal_can.o
    0x08000cbc   0x08000cbc   0x00000124   Code   RO         3452    i.HAL_CAN_ConfigFilter  stm32f4xx_hal_can.o
    0x08000de0   0x08000de0   0x00000002   Code   RO         3455    i.HAL_CAN_ErrorCallback  stm32f4xx_hal_can.o
    0x08000de2   0x08000de2   0x0000024e   Code   RO         3462    i.HAL_CAN_IRQHandler  stm32f4xx_hal_can.o
    0x08001030   0x08001030   0x00000174   Code   RO         3463    i.HAL_CAN_Init      stm32f4xx_hal_can.o
    0x080011a4   0x080011a4   0x00000180   Code   RO         1371    i.HAL_CAN_MspInit   can.o
    0x08001324   0x08001324   0x00000002   Code   RO         3470    i.HAL_CAN_RxFifo0FullCallback  stm32f4xx_hal_can.o
    0x08001326   0x08001326   0x00000002   Code   RO         3471    i.HAL_CAN_RxFifo0MsgPendingCallback  stm32f4xx_hal_can.o
    0x08001328   0x08001328   0x00000002   Code   RO         3472    i.HAL_CAN_RxFifo1FullCallback  stm32f4xx_hal_can.o
    0x0800132a   0x0800132a   0x00000002   Code   RO         3473    i.HAL_CAN_RxFifo1MsgPendingCallback  stm32f4xx_hal_can.o
    0x0800132c   0x0800132c   0x00000002   Code   RO         3474    i.HAL_CAN_SleepCallback  stm32f4xx_hal_can.o
    0x0800132e   0x0800132e   0x0000005e   Code   RO         3475    i.HAL_CAN_Start     stm32f4xx_hal_can.o
    0x0800138c   0x0800138c   0x00000002   Code   RO         3477    i.HAL_CAN_TxMailbox0AbortCallback  stm32f4xx_hal_can.o
    0x0800138e   0x0800138e   0x00000002   Code   RO         3478    i.HAL_CAN_TxMailbox0CompleteCallback  stm32f4xx_hal_can.o
    0x08001390   0x08001390   0x00000002   Code   RO         3479    i.HAL_CAN_TxMailbox1AbortCallback  stm32f4xx_hal_can.o
    0x08001392   0x08001392   0x00000002   Code   RO         3480    i.HAL_CAN_TxMailbox1CompleteCallback  stm32f4xx_hal_can.o
    0x08001394   0x08001394   0x00000002   Code   RO         3481    i.HAL_CAN_TxMailbox2AbortCallback  stm32f4xx_hal_can.o
    0x08001396   0x08001396   0x00000002   Code   RO         3482    i.HAL_CAN_TxMailbox2CompleteCallback  stm32f4xx_hal_can.o
    0x08001398   0x08001398   0x00000002   Code   RO         3484    i.HAL_CAN_WakeUpFromRxMsgCallback  stm32f4xx_hal_can.o
    0x0800139a   0x0800139a   0x000000ac   Code   RO         2768    i.HAL_DMA_Abort     stm32f4xx_hal_dma.o
    0x08001446   0x08001446   0x00000028   Code   RO         2769    i.HAL_DMA_Abort_IT  stm32f4xx_hal_dma.o
    0x0800146e   0x0800146e   0x00000002   PAD
    0x08001470   0x08001470   0x00000240   Code   RO         2773    i.HAL_DMA_IRQHandler  stm32f4xx_hal_dma.o
    0x080016b0   0x080016b0   0x000000ec   Code   RO         2774    i.HAL_DMA_Init      stm32f4xx_hal_dma.o
    0x0800179c   0x0800179c   0x00000092   Code   RO         2778    i.HAL_DMA_Start_IT  stm32f4xx_hal_dma.o
    0x0800182e   0x0800182e   0x00000002   PAD
    0x08001830   0x08001830   0x00000028   Code   RO         3198    i.HAL_Delay         stm32f4xx_hal.o
    0x08001858   0x08001858   0x000001f4   Code   RO         2661    i.HAL_GPIO_Init     stm32f4xx_hal_gpio.o
    0x08001a4c   0x08001a4c   0x0000000c   Code   RO         2665    i.HAL_GPIO_WritePin  stm32f4xx_hal_gpio.o
    0x08001a58   0x08001a58   0x0000000c   Code   RO         3204    i.HAL_GetTick       stm32f4xx_hal.o
    0x08001a64   0x08001a64   0x00000018   Code   RO         3210    i.HAL_IncTick       stm32f4xx_hal.o
    0x08001a7c   0x08001a7c   0x0000003c   Code   RO         3211    i.HAL_Init          stm32f4xx_hal.o
    0x08001ab8   0x08001ab8   0x000000b4   Code   RO         1626    i.HAL_InitTick      stm32f4xx_hal_timebase_tim.o
    0x08001b6c   0x08001b6c   0x00000054   Code   RO         1602    i.HAL_MspInit       stm32f4xx_hal_msp.o
    0x08001bc0   0x08001bc0   0x00000028   Code   RO         3051    i.HAL_NVIC_EnableIRQ  stm32f4xx_hal_cortex.o
    0x08001be8   0x08001be8   0x0000007c   Code   RO         3057    i.HAL_NVIC_SetPriority  stm32f4xx_hal_cortex.o
    0x08001c64   0x08001c64   0x00000028   Code   RO         3058    i.HAL_NVIC_SetPriorityGrouping  stm32f4xx_hal_cortex.o
    0x08001c8c   0x08001c8c   0x00000002   Code   RO         1909    i.HAL_PCDEx_LPM_Callback  stm32f4xx_hal_pcd_ex.o
    0x08001c8e   0x08001c8e   0x0000000a   Code   RO         1910    i.HAL_PCDEx_SetRxFiFo  stm32f4xx_hal_pcd_ex.o
    0x08001c98   0x08001c98   0x0000004e   Code   RO         1911    i.HAL_PCDEx_SetTxFiFo  stm32f4xx_hal_pcd_ex.o
    0x08001ce6   0x08001ce6   0x00000008   Code   RO         6620    i.HAL_PCD_ConnectCallback  usbd_conf.o
    0x08001cee   0x08001cee   0x00000012   Code   RO         6621    i.HAL_PCD_DataInStageCallback  usbd_conf.o
    0x08001d00   0x08001d00   0x00000014   Code   RO         6622    i.HAL_PCD_DataOutStageCallback  usbd_conf.o
    0x08001d14   0x08001d14   0x00000008   Code   RO         6623    i.HAL_PCD_DisconnectCallback  usbd_conf.o
    0x08001d1c   0x08001d1c   0x00000042   Code   RO         1674    i.HAL_PCD_EP_Abort  stm32f4xx_hal_pcd.o
    0x08001d5e   0x08001d5e   0x0000006a   Code   RO         1675    i.HAL_PCD_EP_Close  stm32f4xx_hal_pcd.o
    0x08001dc8   0x08001dc8   0x0000007c   Code   RO         1676    i.HAL_PCD_EP_ClrStall  stm32f4xx_hal_pcd.o
    0x08001e44   0x08001e44   0x00000016   Code   RO         1678    i.HAL_PCD_EP_GetRxCount  stm32f4xx_hal_pcd.o
    0x08001e5a   0x08001e5a   0x0000008c   Code   RO         1679    i.HAL_PCD_EP_Open   stm32f4xx_hal_pcd.o
    0x08001ee6   0x08001ee6   0x00000046   Code   RO         1680    i.HAL_PCD_EP_Receive  stm32f4xx_hal_pcd.o
    0x08001f2c   0x08001f2c   0x0000008a   Code   RO         1681    i.HAL_PCD_EP_SetStall  stm32f4xx_hal_pcd.o
    0x08001fb6   0x08001fb6   0x00000048   Code   RO         1682    i.HAL_PCD_EP_Transmit  stm32f4xx_hal_pcd.o
    0x08001ffe   0x08001ffe   0x000006ca   Code   RO         1684    i.HAL_PCD_IRQHandler  stm32f4xx_hal_pcd.o
    0x080026c8   0x080026c8   0x00000008   Code   RO         6624    i.HAL_PCD_ISOINIncompleteCallback  usbd_conf.o
    0x080026d0   0x080026d0   0x00000008   Code   RO         6625    i.HAL_PCD_ISOOUTIncompleteCallback  usbd_conf.o
    0x080026d8   0x080026d8   0x0000015e   Code   RO         1687    i.HAL_PCD_Init      stm32f4xx_hal_pcd.o
    0x08002836   0x08002836   0x00000002   PAD
    0x08002838   0x08002838   0x00000084   Code   RO         6627    i.HAL_PCD_MspInit   usbd_conf.o
    0x080028bc   0x080028bc   0x0000002e   Code   RO         6628    i.HAL_PCD_ResetCallback  usbd_conf.o
    0x080028ea   0x080028ea   0x00000008   Code   RO         6629    i.HAL_PCD_ResumeCallback  usbd_conf.o
    0x080028f2   0x080028f2   0x00000008   Code   RO         6630    i.HAL_PCD_SOFCallback  usbd_conf.o
    0x080028fa   0x080028fa   0x00000034   Code   RO         1693    i.HAL_PCD_SetAddress  stm32f4xx_hal_pcd.o
    0x0800292e   0x0800292e   0x0000000e   Code   RO         6631    i.HAL_PCD_SetupStageCallback  usbd_conf.o
    0x0800293c   0x0800293c   0x0000004c   Code   RO         1696    i.HAL_PCD_Start     stm32f4xx_hal_pcd.o
    0x08002988   0x08002988   0x00000030   Code   RO         6632    i.HAL_PCD_SuspendCallback  usbd_conf.o
    0x080029b8   0x080029b8   0x00000184   Code   RO         2262    i.HAL_RCC_ClockConfig  stm32f4xx_hal_rcc.o
    0x08002b3c   0x08002b3c   0x00000044   Code   RO         2266    i.HAL_RCC_GetClockConfig  stm32f4xx_hal_rcc.o
    0x08002b80   0x08002b80   0x0000000c   Code   RO         2267    i.HAL_RCC_GetHCLKFreq  stm32f4xx_hal_rcc.o
    0x08002b8c   0x08002b8c   0x00000020   Code   RO         2269    i.HAL_RCC_GetPCLK1Freq  stm32f4xx_hal_rcc.o
    0x08002bac   0x08002bac   0x00000020   Code   RO         2270    i.HAL_RCC_GetPCLK2Freq  stm32f4xx_hal_rcc.o
    0x08002bcc   0x08002bcc   0x000000b0   Code   RO         2271    i.HAL_RCC_GetSysClockFreq  stm32f4xx_hal_rcc.o
    0x08002c7c   0x08002c7c   0x0000049c   Code   RO         2274    i.HAL_RCC_OscConfig  stm32f4xx_hal_rcc.o
    0x08003118   0x08003118   0x00000002   Code   RO         4400    i.HAL_TIMEx_BreakCallback  stm32f4xx_hal_tim_ex.o
    0x0800311a   0x0800311a   0x00000002   Code   RO         4401    i.HAL_TIMEx_CommutCallback  stm32f4xx_hal_tim_ex.o
    0x0800311c   0x0800311c   0x00000066   Code   RO         3685    i.HAL_TIM_Base_Init  stm32f4xx_hal_tim.o
    0x08003182   0x08003182   0x00000002   Code   RO         3687    i.HAL_TIM_Base_MspInit  stm32f4xx_hal_tim.o
    0x08003184   0x08003184   0x000000a8   Code   RO         3690    i.HAL_TIM_Base_Start_IT  stm32f4xx_hal_tim.o
    0x0800322c   0x0800322c   0x00000002   Code   RO         3719    i.HAL_TIM_IC_CaptureCallback  stm32f4xx_hal_tim.o
    0x0800322e   0x0800322e   0x0000016c   Code   RO         3733    i.HAL_TIM_IRQHandler  stm32f4xx_hal_tim.o
    0x0800339a   0x0800339a   0x00000002   Code   RO         3736    i.HAL_TIM_OC_DelayElapsedCallback  stm32f4xx_hal_tim.o
    0x0800339c   0x0800339c   0x00000002   Code   RO         3763    i.HAL_TIM_PWM_PulseFinishedCallback  stm32f4xx_hal_tim.o
    0x0800339e   0x0800339e   0x00000012   Code   RO         1246    i.HAL_TIM_PeriodElapsedCallback  main.o
    0x080033b0   0x080033b0   0x00000002   Code   RO         3776    i.HAL_TIM_TriggerCallback  stm32f4xx_hal_tim.o
    0x080033b2   0x080033b2   0x00000002   Code   RO         4679    i.HAL_UARTEx_RxEventCallback  stm32f4xx_hal_uart.o
    0x080033b4   0x080033b4   0x0000008a   Code   RO         4691    i.HAL_UART_DMAStop  stm32f4xx_hal_uart.o
    0x0800343e   0x0800343e   0x00000002   Code   RO         4693    i.HAL_UART_ErrorCallback  stm32f4xx_hal_uart.o
    0x08003440   0x08003440   0x000002e8   Code   RO         4696    i.HAL_UART_IRQHandler  stm32f4xx_hal_uart.o
    0x08003728   0x08003728   0x00000076   Code   RO         4697    i.HAL_UART_Init     stm32f4xx_hal_uart.o
    0x0800379e   0x0800379e   0x00000002   PAD
    0x080037a0   0x080037a0   0x000000d8   Code   RO         1447    i.HAL_UART_MspInit  usart.o
    0x08003878   0x08003878   0x0000002c   Code   RO         4701    i.HAL_UART_Receive_DMA  stm32f4xx_hal_uart.o
    0x080038a4   0x080038a4   0x00000002   Code   RO         4703    i.HAL_UART_RxCpltCallback  stm32f4xx_hal_uart.o
    0x080038a6   0x080038a6   0x00000002   Code   RO         4704    i.HAL_UART_RxHalfCpltCallback  stm32f4xx_hal_uart.o
    0x080038a8   0x080038a8   0x00000002   Code   RO         4708    i.HAL_UART_TxCpltCallback  stm32f4xx_hal_uart.o
    0x080038aa   0x080038aa   0x00000004   Code   RO         1495    i.HardFault_Handler  stm32f4xx_it.o
    0x080038ae   0x080038ae   0x0000003e   Code   RO         6470    i.IntToUnicode      usbd_desc.o
    0x080038ec   0x080038ec   0x00000040   Code   RO         1372    i.MX_CAN1_Init      can.o
    0x0800392c   0x0800392c   0x00000040   Code   RO         1373    i.MX_CAN2_Init      can.o
    0x0800396c   0x0800396c   0x00000038   Code   RO         1419    i.MX_DMA_Init       dma.o
    0x080039a4   0x080039a4   0x00000028   Code   RO         1325    i.MX_FREERTOS_Init  freertos.o
    0x080039cc   0x080039cc   0x000000dc   Code   RO         1298    i.MX_GPIO_Init      gpio.o
    0x08003aa8   0x08003aa8   0x00000038   Code   RO         1448    i.MX_UART4_Init     usart.o
    0x08003ae0   0x08003ae0   0x00000054   Code   RO         6435    i.MX_USB_DEVICE_Init  usb_device.o
    0x08003b34   0x08003b34   0x00000004   Code   RO         1496    i.MemManage_Handler  stm32f4xx_it.o
    0x08003b38   0x08003b38   0x000002b8   Code   RO          933    i.Motor_Task        mytask.o
    0x08003df0   0x08003df0   0x0000007c   Code   RO         1207    i.MyDog             mydog.o
    0x08003e6c   0x08003e6c   0x00000004   Code   RO         1497    i.NMI_Handler       stm32f4xx_it.o
    0x08003e70   0x08003e70   0x00000010   Code   RO         1498    i.OTG_FS_IRQHandler  stm32f4xx_it.o
    0x08003e80   0x08003e80   0x00000064   Code   RO         1700    i.PCD_EP_OutSetupPacket_int  stm32f4xx_hal_pcd.o
    0x08003ee4   0x08003ee4   0x00000144   Code   RO         1701    i.PCD_EP_OutXfrComplete_int  stm32f4xx_hal_pcd.o
    0x08004028   0x08004028   0x000000b6   Code   RO         1702    i.PCD_WriteEmptyTxFifo  stm32f4xx_hal_pcd.o
    0x080040de   0x080040de   0x00000078   Code   RO          934    i.RAMP_self         mytask.o
    0x08004156   0x08004156   0x0000001a   Code   RO         1326    i.StartDefaultTask  freertos.o
    0x08004170   0x08004170   0x00000034   Code   RO         6356    i.SysTick_Handler   port.o
    0x080041a4   0x080041a4   0x000000b4   Code   RO         1247    i.SystemClock_Config  main.o
    0x08004258   0x08004258   0x00000014   Code   RO         5041    i.SystemInit        system_stm32f4xx.o
    0x0800426c   0x0800426c   0x00000010   Code   RO         1499    i.TIM2_IRQHandler   stm32f4xx_it.o
    0x0800427c   0x0800427c   0x000000e8   Code   RO         3778    i.TIM_Base_SetConfig  stm32f4xx_hal_tim.o
    0x08004364   0x08004364   0x00000080   Code   RO          935    i.Task_Creat        mytask.o
    0x080043e4   0x080043e4   0x000000a4   Code   RO         1500    i.UART4_IRQHandler  stm32f4xx_it.o
    0x08004488   0x08004488   0x00000014   Code   RO         4710    i.UART_DMAAbortOnError  stm32f4xx_hal_uart.o
    0x0800449c   0x0800449c   0x00000050   Code   RO         4711    i.UART_DMAError     stm32f4xx_hal_uart.o
    0x080044ec   0x080044ec   0x000000b4   Code   RO         4712    i.UART_DMAReceiveCplt  stm32f4xx_hal_uart.o
    0x080045a0   0x080045a0   0x00000024   Code   RO         4714    i.UART_DMARxHalfCplt  stm32f4xx_hal_uart.o
    0x080045c4   0x080045c4   0x0000006c   Code   RO         4720    i.UART_EndRxTransfer  stm32f4xx_hal_uart.o
    0x08004630   0x08004630   0x00000020   Code   RO         4721    i.UART_EndTransmit_IT  stm32f4xx_hal_uart.o
    0x08004650   0x08004650   0x00000026   Code   RO         4722    i.UART_EndTxTransfer  stm32f4xx_hal_uart.o
    0x08004676   0x08004676   0x000000fc   Code   RO         4723    i.UART_Receive_IT   stm32f4xx_hal_uart.o
    0x08004772   0x08004772   0x00000002   PAD
    0x08004774   0x08004774   0x0000022c   Code   RO         4724    i.UART_SetConfig    stm32f4xx_hal_uart.o
    0x080049a0   0x080049a0   0x000000c8   Code   RO         4725    i.UART_Start_Receive_DMA  stm32f4xx_hal_uart.o
    0x08004a68   0x08004a68   0x00000060   Code   RO         4727    i.UART_Transmit_IT  stm32f4xx_hal_uart.o
    0x08004ac8   0x08004ac8   0x00000078   Code   RO         7147    i.USBD_CDC_DataIn   usbd_cdc.o
    0x08004b40   0x08004b40   0x0000003e   Code   RO         7148    i.USBD_CDC_DataOut  usbd_cdc.o
    0x08004b7e   0x08004b7e   0x00000002   PAD
    0x08004b80   0x08004b80   0x00000094   Code   RO         7149    i.USBD_CDC_DeInit   usbd_cdc.o
    0x08004c14   0x08004c14   0x00000038   Code   RO         7150    i.USBD_CDC_EP0_RxReady  usbd_cdc.o
    0x08004c4c   0x08004c4c   0x0000000c   Code   RO         7151    i.USBD_CDC_GetDeviceQualifierDescriptor  usbd_cdc.o
    0x08004c58   0x08004c58   0x0000003c   Code   RO         7152    i.USBD_CDC_GetFSCfgDesc  usbd_cdc.o
    0x08004c94   0x08004c94   0x00000040   Code   RO         7153    i.USBD_CDC_GetHSCfgDesc  usbd_cdc.o
    0x08004cd4   0x08004cd4   0x0000003c   Code   RO         7154    i.USBD_CDC_GetOtherSpeedCfgDesc  usbd_cdc.o
    0x08004d10   0x08004d10   0x00000160   Code   RO         7155    i.USBD_CDC_Init     usbd_cdc.o
    0x08004e70   0x08004e70   0x00000048   Code   RO         7156    i.USBD_CDC_ReceivePacket  usbd_cdc.o
    0x08004eb8   0x08004eb8   0x00000018   Code   RO         7157    i.USBD_CDC_RegisterInterface  usbd_cdc.o
    0x08004ed0   0x08004ed0   0x0000001c   Code   RO         7158    i.USBD_CDC_SetRxBuffer  usbd_cdc.o
    0x08004eec   0x08004eec   0x00000020   Code   RO         7159    i.USBD_CDC_SetTxBuffer  usbd_cdc.o
    0x08004f0c   0x08004f0c   0x00000110   Code   RO         7160    i.USBD_CDC_Setup    usbd_cdc.o
    0x0800501c   0x0800501c   0x00000014   Code   RO         6827    i.USBD_ClrClassConfig  usbd_core.o
    0x08005030   0x08005030   0x00000026   Code   RO         6989    i.USBD_ClrFeature   usbd_ctlreq.o
    0x08005056   0x08005056   0x00000004   Code   RO         6828    i.USBD_CoreFindEP   usbd_core.o
    0x0800505a   0x0800505a   0x00000004   Code   RO         6829    i.USBD_CoreFindIF   usbd_core.o
    0x0800505e   0x0800505e   0x00000010   Code   RO         7087    i.USBD_CtlContinueRx  usbd_ioreq.o
    0x0800506e   0x0800506e   0x00000010   Code   RO         7088    i.USBD_CtlContinueSendData  usbd_ioreq.o
    0x0800507e   0x0800507e   0x00000018   Code   RO         6990    i.USBD_CtlError     usbd_ctlreq.o
    0x08005096   0x08005096   0x0000001e   Code   RO         7089    i.USBD_CtlPrepareRx  usbd_ioreq.o
    0x080050b4   0x080050b4   0x00000016   Code   RO         7090    i.USBD_CtlReceiveStatus  usbd_ioreq.o
    0x080050ca   0x080050ca   0x0000001a   Code   RO         7091    i.USBD_CtlSendData  usbd_ioreq.o
    0x080050e4   0x080050e4   0x00000016   Code   RO         7092    i.USBD_CtlSendStatus  usbd_ioreq.o
    0x080050fa   0x080050fa   0x00000002   PAD
    0x080050fc   0x080050fc   0x00000030   Code   RO         6471    i.USBD_FS_ConfigStrDescriptor  usbd_desc.o
    0x0800512c   0x0800512c   0x0000000c   Code   RO         6472    i.USBD_FS_DeviceDescriptor  usbd_desc.o
    0x08005138   0x08005138   0x00000034   Code   RO         6473    i.USBD_FS_InterfaceStrDescriptor  usbd_desc.o
    0x0800516c   0x0800516c   0x0000000c   Code   RO         6474    i.USBD_FS_LangIDStrDescriptor  usbd_desc.o
    0x08005178   0x08005178   0x00000028   Code   RO         6475    i.USBD_FS_ManufacturerStrDescriptor  usbd_desc.o
    0x080051a0   0x080051a0   0x0000003c   Code   RO         6476    i.USBD_FS_ProductStrDescriptor  usbd_desc.o
    0x080051dc   0x080051dc   0x00000014   Code   RO         6477    i.USBD_FS_SerialStrDescriptor  usbd_desc.o
    0x080051f0   0x080051f0   0x00000034   Code   RO         6991    i.USBD_GetConfig    usbd_ctlreq.o
    0x08005224   0x08005224   0x000001b4   Code   RO         6992    i.USBD_GetDescriptor  usbd_ctlreq.o
    0x080053d8   0x080053d8   0x0000003c   Code   RO         6831    i.USBD_GetEpDesc    usbd_core.o
    0x08005414   0x08005414   0x00000018   Code   RO         6993    i.USBD_GetLen       usbd_ctlreq.o
    0x0800542c   0x0800542c   0x0000000e   Code   RO         6832    i.USBD_GetNextDesc  usbd_core.o
    0x0800543a   0x0800543a   0x00000036   Code   RO         6994    i.USBD_GetStatus    usbd_ctlreq.o
    0x08005470   0x08005470   0x00000044   Code   RO         6995    i.USBD_GetString    usbd_ctlreq.o
    0x080054b4   0x080054b4   0x00000024   Code   RO         6633    i.USBD_Get_USB_Status  usbd_conf.o
    0x080054d8   0x080054d8   0x00000028   Code   RO         6833    i.USBD_Init         usbd_core.o
    0x08005500   0x08005500   0x00000012   Code   RO         6634    i.USBD_LL_ClearStallEP  usbd_conf.o
    0x08005512   0x08005512   0x00000012   Code   RO         6635    i.USBD_LL_CloseEP   usbd_conf.o
    0x08005524   0x08005524   0x000000dc   Code   RO         6834    i.USBD_LL_DataInStage  usbd_core.o
    0x08005600   0x08005600   0x000000d0   Code   RO         6835    i.USBD_LL_DataOutStage  usbd_core.o
    0x080056d0   0x080056d0   0x00000004   Code   RO         6836    i.USBD_LL_DevConnected  usbd_core.o
    0x080056d4   0x080056d4   0x00000020   Code   RO         6837    i.USBD_LL_DevDisconnected  usbd_core.o
    0x080056f4   0x080056f4   0x00000008   Code   RO         6639    i.USBD_LL_GetRxDataSize  usbd_conf.o
    0x080056fc   0x080056fc   0x00000060   Code   RO         6640    i.USBD_LL_Init      usbd_conf.o
    0x0800575c   0x0800575c   0x00000020   Code   RO         6641    i.USBD_LL_IsStallEP  usbd_conf.o
    0x0800577c   0x0800577c   0x0000002a   Code   RO         6838    i.USBD_LL_IsoINIncomplete  usbd_core.o
    0x080057a6   0x080057a6   0x0000002a   Code   RO         6839    i.USBD_LL_IsoOUTIncomplete  usbd_core.o
    0x080057d0   0x080057d0   0x00000018   Code   RO         6642    i.USBD_LL_OpenEP    usbd_conf.o
    0x080057e8   0x080057e8   0x00000012   Code   RO         6643    i.USBD_LL_PrepareReceive  usbd_conf.o
    0x080057fa   0x080057fa   0x00000060   Code   RO         6840    i.USBD_LL_Reset     usbd_core.o
    0x0800585a   0x0800585a   0x00000014   Code   RO         6841    i.USBD_LL_Resume    usbd_core.o
    0x0800586e   0x0800586e   0x0000001a   Code   RO         6842    i.USBD_LL_SOF       usbd_core.o
    0x08005888   0x08005888   0x00000006   Code   RO         6843    i.USBD_LL_SetSpeed  usbd_core.o
    0x0800588e   0x0800588e   0x00000012   Code   RO         6644    i.USBD_LL_SetUSBAddress  usbd_conf.o
    0x080058a0   0x080058a0   0x00000064   Code   RO         6844    i.USBD_LL_SetupStage  usbd_core.o
    0x08005904   0x08005904   0x00000012   Code   RO         6645    i.USBD_LL_StallEP   usbd_conf.o
    0x08005916   0x08005916   0x00000012   Code   RO         6646    i.USBD_LL_Start     usbd_conf.o
    0x08005928   0x08005928   0x0000001a   Code   RO         6845    i.USBD_LL_Suspend   usbd_core.o
    0x08005942   0x08005942   0x00000012   Code   RO         6648    i.USBD_LL_Transmit  usbd_conf.o
    0x08005954   0x08005954   0x00000032   Code   RO         6996    i.USBD_ParseSetupRequest  usbd_ctlreq.o
    0x08005986   0x08005986   0x0000003a   Code   RO         6846    i.USBD_RegisterClass  usbd_core.o
    0x080059c0   0x080059c0   0x00000004   Code   RO         6847    i.USBD_RunTestMode  usbd_core.o
    0x080059c4   0x080059c4   0x00000058   Code   RO         6997    i.USBD_SetAddress   usbd_ctlreq.o
    0x08005a1c   0x08005a1c   0x00000014   Code   RO         6848    i.USBD_SetClassConfig  usbd_core.o
    0x08005a30   0x08005a30   0x000000dc   Code   RO         6998    i.USBD_SetConfig    usbd_ctlreq.o
    0x08005b0c   0x08005b0c   0x00000024   Code   RO         6999    i.USBD_SetFeature   usbd_ctlreq.o
    0x08005b30   0x08005b30   0x00000004   Code   RO         6849    i.USBD_Start        usbd_core.o
    0x08005b34   0x08005b34   0x00000076   Code   RO         7000    i.USBD_StdDevReq    usbd_ctlreq.o
    0x08005baa   0x08005baa   0x0000022e   Code   RO         7001    i.USBD_StdEPReq     usbd_ctlreq.o
    0x08005dd8   0x08005dd8   0x0000008e   Code   RO         7002    i.USBD_StdItfReq    usbd_ctlreq.o
    0x08005e66   0x08005e66   0x00000002   Code   RO         6649    i.USBD_static_free  usbd_conf.o
    0x08005e68   0x08005e68   0x00000008   Code   RO         6650    i.USBD_static_malloc  usbd_conf.o
    0x08005e70   0x08005e70   0x000000d0   Code   RO         1951    i.USB_ActivateEndpoint  stm32f4xx_ll_usb.o
    0x08005f40   0x08005f40   0x00000028   Code   RO         1953    i.USB_ActivateSetup  stm32f4xx_ll_usb.o
    0x08005f68   0x08005f68   0x0000008c   Code   RO         1955    i.USB_CoreInit      stm32f4xx_ll_usb.o
    0x08005ff4   0x08005ff4   0x00000054   Code   RO         1956    i.USB_CoreReset     stm32f4xx_ll_usb.o
    0x08006048   0x08006048   0x0000014c   Code   RO         1959    i.USB_DeactivateEndpoint  stm32f4xx_ll_usb.o
    0x08006194   0x08006194   0x00000024   Code   RO         1960    i.USB_DevConnect    stm32f4xx_ll_usb.o
    0x080061b8   0x080061b8   0x00000024   Code   RO         1961    i.USB_DevDisconnect  stm32f4xx_ll_usb.o
    0x080061dc   0x080061dc   0x000001e8   Code   RO         1962    i.USB_DevInit       stm32f4xx_ll_usb.o
    0x080063c4   0x080063c4   0x0000000e   Code   RO         1963    i.USB_DisableGlobalInt  stm32f4xx_ll_usb.o
    0x080063d2   0x080063d2   0x00000002   PAD
    0x080063d4   0x080063d4   0x00000070   Code   RO         1966    i.USB_EP0_OutStart  stm32f4xx_ll_usb.o
    0x08006444   0x08006444   0x0000008e   Code   RO         1967    i.USB_EPClearStall  stm32f4xx_ll_usb.o
    0x080064d2   0x080064d2   0x0000009a   Code   RO         1968    i.USB_EPSetStall    stm32f4xx_ll_usb.o
    0x0800656c   0x0800656c   0x000003b4   Code   RO         1969    i.USB_EPStartXfer   stm32f4xx_ll_usb.o
    0x08006920   0x08006920   0x000000ec   Code   RO         1970    i.USB_EPStopXfer    stm32f4xx_ll_usb.o
    0x08006a0c   0x08006a0c   0x0000000e   Code   RO         1971    i.USB_EnableGlobalInt  stm32f4xx_ll_usb.o
    0x08006a1a   0x08006a1a   0x00000050   Code   RO         1972    i.USB_FlushRxFifo   stm32f4xx_ll_usb.o
    0x08006a6a   0x08006a6a   0x00000054   Code   RO         1973    i.USB_FlushTxFifo   stm32f4xx_ll_usb.o
    0x08006abe   0x08006abe   0x00000026   Code   RO         1975    i.USB_GetDevSpeed   stm32f4xx_ll_usb.o
    0x08006ae4   0x08006ae4   0x0000000a   Code   RO         1977    i.USB_GetMode       stm32f4xx_ll_usb.o
    0x08006aee   0x08006aee   0x00000014   Code   RO         1985    i.USB_ReadDevAllInEpInterrupt  stm32f4xx_ll_usb.o
    0x08006b02   0x08006b02   0x00000014   Code   RO         1986    i.USB_ReadDevAllOutEpInterrupt  stm32f4xx_ll_usb.o
    0x08006b16   0x08006b16   0x00000032   Code   RO         1987    i.USB_ReadDevInEPInterrupt  stm32f4xx_ll_usb.o
    0x08006b48   0x08006b48   0x0000001a   Code   RO         1988    i.USB_ReadDevOutEPInterrupt  stm32f4xx_ll_usb.o
    0x08006b62   0x08006b62   0x0000000a   Code   RO         1989    i.USB_ReadInterrupts  stm32f4xx_ll_usb.o
    0x08006b6c   0x08006b6c   0x00000060   Code   RO         1990    i.USB_ReadPacket    stm32f4xx_ll_usb.o
    0x08006bcc   0x08006bcc   0x00000068   Code   RO         1992    i.USB_SetCurrentMode  stm32f4xx_ll_usb.o
    0x08006c34   0x08006c34   0x0000002a   Code   RO         1993    i.USB_SetDevAddress  stm32f4xx_ll_usb.o
    0x08006c5e   0x08006c5e   0x00000012   Code   RO         1994    i.USB_SetDevSpeed   stm32f4xx_ll_usb.o
    0x08006c70   0x08006c70   0x000000e8   Code   RO         1995    i.USB_SetTurnaroundTime  stm32f4xx_ll_usb.o
    0x08006d58   0x08006d58   0x00000044   Code   RO         1998    i.USB_WritePacket   stm32f4xx_ll_usb.o
    0x08006d9c   0x08006d9c   0x00000004   Code   RO         1501    i.UsageFault_Handler  stm32f4xx_it.o
    0x08006da0   0x08006da0   0x00000228   Code   RO          936    i.VCOMM_CallBack    mytask.o
    0x08006fc8   0x08006fc8   0x00000002   Code   RO          828    i.VCOMM_Error_CallBack  vcomcomm.o
    0x08006fca   0x08006fca   0x00000062   Code   RO          829    i.VCOMM_Receive_FS  vcomcomm.o
    0x0800702c   0x0800702c   0x0000001a   Code   RO          219    i.Verify_CRC16_Check_Sum  crc.o
    0x08007046   0x08007046   0x00000002   PAD
    0x08007048   0x08007048   0x0000002c   Code   RO          937    i.WatchDog_CallBack  mytask.o
    0x08007074   0x08007074   0x0000002c   Code   RO          881    i.WatchDog_Init     watchdog.o
    0x080070a0   0x080070a0   0x0000004c   Code   RO          882    i.WatchDog_Polling  watchdog.o
    0x080070ec   0x080070ec   0x00000010   Code   RO         3064    i.__NVIC_GetPriorityGrouping  stm32f4xx_hal_cortex.o
    0x080070fc   0x080070fc   0x00000028   Code   RO         3065    i.__NVIC_SetPriority  stm32f4xx_hal_cortex.o
    0x08007124   0x08007124   0x0000000e   Code   RO         7332    i.__scatterload_copy  mc_w.l(handlers.o)
    0x08007132   0x08007132   0x00000002   Code   RO         7333    i.__scatterload_null  mc_w.l(handlers.o)
    0x08007134   0x08007134   0x0000000e   Code   RO         7334    i.__scatterload_zeroinit  mc_w.l(handlers.o)
    0x08007142   0x08007142   0x00000002   PAD
    0x08007144   0x08007144   0x00000100   Code   RO         1248    i.main              main.o
    0x08007244   0x08007244   0x0000000e   Code   RO         5918    i.makeFreeRtosPriority  cmsis_os.o
    0x08007252   0x08007252   0x0000000a   Code   RO         5923    i.osKernelStart     cmsis_os.o
    0x0800725c   0x0800725c   0x0000005e   Code   RO         5957    i.osThreadCreate    cmsis_os.o
    0x080072ba   0x080072ba   0x00000002   PAD
    0x080072bc   0x080072bc   0x00000098   Code   RO         5580    i.prvAddCurrentTaskToDelayedList  tasks.o
    0x08007354   0x08007354   0x000000b4   Code   RO         5581    i.prvAddNewTaskToReadyList  tasks.o
    0x08007408   0x08007408   0x00000048   Code   RO         5582    i.prvCheckTasksWaitingTermination  tasks.o
    0x08007450   0x08007450   0x00000050   Code   RO         5583    i.prvDeleteTCB      tasks.o
    0x080074a0   0x080074a0   0x0000007c   Code   RO         6288    i.prvHeapInit       heap_4.o
    0x0800751c   0x0800751c   0x00000028   Code   RO         5584    i.prvIdleTask       tasks.o
    0x08007544   0x08007544   0x000000b4   Code   RO         5585    i.prvInitialiseNewTask  tasks.o
    0x080075f8   0x080075f8   0x00000068   Code   RO         5586    i.prvInitialiseTaskLists  tasks.o
    0x08007660   0x08007660   0x00000068   Code   RO         6289    i.prvInsertBlockIntoFreeList  heap_4.o
    0x080076c8   0x080076c8   0x00000034   Code   RO         5587    i.prvResetNextTaskUnblockTime  tasks.o
    0x080076fc   0x080076fc   0x00000040   Code   RO         6357    i.prvTaskExitError  port.o
    0x0800773c   0x0800773c   0x0000014c   Code   RO         6290    i.pvPortMalloc      heap_4.o
    0x08007888   0x08007888   0x0000002c   Code   RO         6358    i.pxPortInitialiseStack  port.o
    0x080078b4   0x080078b4   0x00000028   Code   RO         5209    i.uxListRemove      list.o
    0x080078dc   0x080078dc   0x00000018   Code   RO         1327    i.vApplicationGetIdleTaskMemory  freertos.o
    0x080078f4   0x080078f4   0x0000001a   Code   RO         5210    i.vListInitialise   list.o
    0x0800790e   0x0800790e   0x00000006   Code   RO         5211    i.vListInitialiseItem  list.o
    0x08007914   0x08007914   0x00000034   Code   RO         5212    i.vListInsert       list.o
    0x08007948   0x08007948   0x00000018   Code   RO         5213    i.vListInsertEnd    list.o
    0x08007960   0x08007960   0x00000054   Code   RO         6360    i.vPortEnterCritical  port.o
    0x080079b4   0x080079b4   0x0000003c   Code   RO         6361    i.vPortExitCritical  port.o
    0x080079f0   0x080079f0   0x000000a4   Code   RO         6291    i.vPortFree         heap_4.o
    0x08007a94   0x08007a94   0x00000028   Code   RO         6362    i.vPortSetupTimerInterrupt  port.o
    0x08007abc   0x08007abc   0x000000d4   Code   RO         5597    i.vTaskDelayUntil   tasks.o
    0x08007b90   0x08007b90   0x000000f4   Code   RO         5598    i.vTaskDelete       tasks.o
    0x08007c84   0x08007c84   0x000000b0   Code   RO         5610    i.vTaskStartScheduler  tasks.o
    0x08007d34   0x08007d34   0x00000010   Code   RO         5612    i.vTaskSuspendAll   tasks.o
    0x08007d44   0x08007d44   0x0000008c   Code   RO         5613    i.vTaskSwitchContext  tasks.o
    0x08007dd0   0x08007dd0   0x00000168   Code   RO         6364    i.xPortStartScheduler  port.o
    0x08007f38   0x08007f38   0x00000064   Code   RO         5616    i.xTaskCreate       tasks.o
    0x08007f9c   0x08007f9c   0x000000ba   Code   RO         5617    i.xTaskCreateStatic  tasks.o
    0x08008056   0x08008056   0x00000002   PAD
    0x08008058   0x08008058   0x0000000c   Code   RO         5622    i.xTaskGetTickCount  tasks.o
    0x08008064   0x08008064   0x00000148   Code   RO         5624    i.xTaskIncrementTick  tasks.o
    0x080081ac   0x080081ac   0x00000104   Code   RO         5630    i.xTaskResumeAll    tasks.o
    0x080082b0   0x080082b0   0x00000018   Data   RO           16    .constdata          candrive.o
    0x080082c8   0x080082c8   0x00000300   Data   RO          221    .constdata          crc.o
    0x080085c8   0x080085c8   0x0000001c   Data   RO         1329    .constdata          freertos.o
    0x080085e4   0x080085e4   0x00000008   Data   RO         2780    .constdata          stm32f4xx_hal_dma.o
    0x080085ec   0x080085ec   0x00000018   Data   RO         5042    .constdata          system_stm32f4xx.o
    0x08008604   0x08008604   0x0000000c   Data   RO         1330    .conststring        freertos.o
    0x08008610   0x08008610   0x00000020   Data   RO         7330    Region$$Table       anon$$obj.o


    Execution Region RW_IRAM1 (Exec base: 0x20000000, Load base: 0x08008630, Size: 0x000062a0, Max: 0x0001c000, ABSOLUTE, COMPRESSED[0x000000c0])

    Exec Addr    Load Addr    Size         Type   Attr      Idx    E Section Name        Object

    0x20000000   COMPRESSED   0x00000006   Data   RW          883    .data               watchdog.o
    0x20000006   COMPRESSED   0x00000002   PAD
    0x20000008   COMPRESSED   0x00000020   Data   RW          939    .data               mytask.o
    0x20000028   COMPRESSED   0x00000004   Data   RW         1331    .data               freertos.o
    0x2000002c   COMPRESSED   0x00000004   Data   RW         1375    .data               can.o
    0x20000030   COMPRESSED   0x00000009   Data   RW         3218    .data               stm32f4xx_hal.o
    0x20000039   COMPRESSED   0x00000003   PAD
    0x2000003c   COMPRESSED   0x00000004   Data   RW         5043    .data               system_stm32f4xx.o
    0x20000040   COMPRESSED   0x0000003c   Data   RW         5633    .data               tasks.o
    0x2000007c   COMPRESSED   0x00000020   Data   RW         6297    .data               heap_4.o
    0x2000009c   COMPRESSED   0x0000000c   Data   RW         6365    .data               port.o
    0x200000a8   COMPRESSED   0x0000001c   Data   RW         6479    .data               usbd_desc.o
    0x200000c4   COMPRESSED   0x00000032   Data   RW         6480    .data               usbd_desc.o
    0x200000f6   COMPRESSED   0x00000002   PAD
    0x200000f8   COMPRESSED   0x00000014   Data   RW         6567    .data               usbd_cdc_if.o
    0x2000010c   COMPRESSED   0x00000001   Data   RW         7003    .data               usbd_ctlreq.o
    0x2000010d   COMPRESSED   0x00000003   PAD
    0x20000110   COMPRESSED   0x00000053   Data   RW         7162    .data               usbd_cdc.o
    0x20000163   COMPRESSED   0x00000001   PAD
    0x20000164   COMPRESSED   0x00000038   Data   RW         7163    .data               usbd_cdc.o
    0x2000019c   COMPRESSED   0x00000004   PAD
    0x200001a0        -       0x00000060   Zero   RW          938    .bss                mytask.o
    0x20000200        -       0x00000254   Zero   RW         1328    .bss                freertos.o
    0x20000454        -       0x00000050   Zero   RW         1374    .bss                can.o
    0x200004a4        -       0x000000a8   Zero   RW         1449    .bss                usart.o
    0x2000054c        -       0x0000003c   Zero   RW         1502    .bss                stm32f4xx_it.o
    0x20000588        -       0x00000048   Zero   RW         1629    .bss                stm32f4xx_hal_timebase_tim.o
    0x200005d0        -       0x000000f0   Zero   RW         5632    .bss                tasks.o
    0x200006c0        -       0x00003c00   Zero   RW         6296    .bss                heap_4.o
    0x200042c0        -       0x000002dc   Zero   RW         6436    .bss                usb_device.o
    0x2000459c        -       0x00000200   Zero   RW         6478    .bss                usbd_desc.o
    0x2000479c        -       0x00001000   Zero   RW         6566    .bss                usbd_cdc_if.o
    0x2000579c        -       0x00000704   Zero   RW         6651    .bss                usbd_conf.o
    0x20005ea0        -       0x00000400   Zero   RW            1    STACK               startup_stm32f407xx.o


    Execution Region RW_IRAM2 (Exec base: 0x2001c000, Load base: 0x080086f0, Size: 0x00000000, Max: 0x00004000, ABSOLUTE)

    **** No section assigned to this execution region ****


==============================================================================

Image component sizes


      Code (inc. data)   RO Data    RW Data    ZI Data      Debug   Object Name

       512         40          0          4         80       2494   can.o
       136         16         24          0          0     711969   candrive.o
         0          0          0          0          0      10504   chassis.o
       118          0          0          0          0      24853   cmsis_os.o
        78          6        768          0          0       2475   crc.o
         0          0          0          0          0       7424   croutine.o
        56          4          0          0          0        782   dma.o
         0          0          0          0          0      19408   event_groups.o
        90         20         40          4        596       7146   freertos.o
       220          8          0          0          0       1035   gpio.o
       724         74          0         32      15360       7475   heap_4.o
       148          0          0          0          0       3614   list.o
       460         40          0          0          0       2872   main.o
       124         28          0          0          0        560   mydog.o
      1636        214          0         32         96     711177   mytask.o
       894         78          0         12          0      11228   port.o
         0          0          0          0          0       7619   printfdmabuffer.o
       204         32          0          0          0       3139   robomodule_drv.o
        36          8        392          0       1024        844   startup_stm32f407xx.o
       136         24          0          9          0       8786   stm32f4xx_hal.o
      1746          6          0          0          0      14188   stm32f4xx_hal_can.o
       260         22          0          0          0      33606   stm32f4xx_hal_cortex.o
      1436         16          8          0          0       7102   stm32f4xx_hal_dma.o
       512         46          0          0          0       2132   stm32f4xx_hal_gpio.o
        84          6          0          0          0        878   stm32f4xx_hal_msp.o
      3560         16          0          0          0      13928   stm32f4xx_hal_pcd.o
        90          0          0          0          0       2469   stm32f4xx_hal_pcd_ex.o
      1888         94          0          0          0       6345   stm32f4xx_hal_rcc.o
       876         76          0          0          0       6710   stm32f4xx_hal_tim.o
         4          0          0          0          0       1625   stm32f4xx_hal_tim_ex.o
       180         18          0          0         72       1491   stm32f4xx_hal_timebase_tim.o
      2652         28          0          0          0      15653   stm32f4xx_hal_uart.o
       298         62          0          0         60       9302   stm32f4xx_it.o
      3882         82          0          0          0      23092   stm32f4xx_ll_usb.o
        20          6         24          4          0       1151   system_stm32f4xx.o
      2534        320          0         60        240      22508   tasks.o
         0          0          0          0          0       2496   timers.o
       272         30          0          0        168       1806   usart.o
        84         18          0          0        732        828   usb_device.o
      1362         36          0        139          0      14011   usbd_cdc.o
        88         16          0         20       4096       3526   usbd_cdc_if.o
       658         28          0          0       1796      17120   usbd_conf.o
      1050          0          0          0          0      16601   usbd_core.o
      1908         28          0          1          0      18148   usbd_ctlreq.o
       362        110          0         78        512       7053   usbd_desc.o
       132          0          0          0          0       4584   usbd_ioreq.o
       100          0          0          0          0       1725   vcomcomm.o
       136         16          0          6          0       2530   watchdog.o

    ----------------------------------------------------------------------
     31774       1672       1288        412      24836    1798012   Object Totals
         0          0         32          0          0          0   (incl. Generated)
        28          0          0         11          4          0   (incl. Padding)

    ----------------------------------------------------------------------

      Code (inc. data)   RO Data    RW Data    ZI Data      Debug   Library Member Name

        86          0          0          0          0          0   __dczerorl2.o
         0          0          0          0          0          0   entry.o
         0          0          0          0          0          0   entry10a.o
         0          0          0          0          0          0   entry11a.o
         4          0          0          0          0          0   entry12b.o
         8          4          0          0          0          0   entry2.o
         4          0          0          0          0          0   entry5.o
         0          0          0          0          0          0   entry7b.o
         0          0          0          0          0          0   entry8b.o
         8          4          0          0          0          0   entry9a.o
        30          0          0          0          0          0   handlers.o
        36          8          0          0          0         68   init.o
         0          0          0          0          0          0   iusefp.o
        30          0          0          0          0         68   llshl.o
        36          0          0          0          0         68   llsshr.o
        32          0          0          0          0         68   llushr.o
        36          0          0          0          0         68   memcpya.o
        36          0          0          0          0        108   memseta.o
        98          0          0          0          0         92   uldiv.o
       334          0          0          0          0        148   dadd.o
       186          0          0          0          0        176   depilogue.o
        62          0          0          0          0         80   dfixi.o
        34          0          0          0          0         76   dflti.o
       228          0          0          0          0         96   dmul.o

    ----------------------------------------------------------------------
      1290         16          0          0          0       1116   Library Totals
         2          0          0          0          0          0   (incl. Padding)

    ----------------------------------------------------------------------

      Code (inc. data)   RO Data    RW Data    ZI Data      Debug   Library Name

       444         16          0          0          0        540   mc_w.l
       844          0          0          0          0        576   mf_w.l

    ----------------------------------------------------------------------
      1290         16          0          0          0       1116   Library Totals

    ----------------------------------------------------------------------

==============================================================================


      Code (inc. data)   RO Data    RW Data    ZI Data      Debug   

     33064       1688       1288        412      24836    1768692   Grand Totals
     33064       1688       1288        192      24836    1768692   ELF Image Totals (compressed)
     33064       1688       1288        192          0          0   ROM Totals

==============================================================================

    Total RO  Size (Code + RO Data)                34352 (  33.55kB)
    Total RW  Size (RW Data + ZI Data)             25248 (  24.66kB)
    Total ROM Size (Code + RO Data + RW Data)      34544 (  33.73kB)

==============================================================================

